 Game

 Timestamp is 65651f3e (Mon Nov 27 18:59:10 2023)

 Preferred load address is 0000000180000000

 Start         Length     Name                   Class
 0001:00000000 0002ff80H .text$mn                CODE
 0001:0002ff80 00000036H .text$mn$00             CODE
 0001:0002ffb6 00000092H .text$x                 CODE
 0002:00000000 00000610H .idata$5                DATA
 0002:00000610 00000038H .00cfg                  DATA
 0002:00000648 00000008H .CRT$XCA                DATA
 0002:00000650 00000008H .CRT$XCZ                DATA
 0002:00000658 00000008H .CRT$XIA                DATA
 0002:00000660 00000008H .CRT$XIZ                DATA
 0002:00000668 00000008H .CRT$XLA                DATA
 0002:00000670 00000008H .CRT$XLZ                DATA
 0002:00000678 00000008H .CRT$XPA                DATA
 0002:00000680 00000008H .CRT$XPZ                DATA
 0002:00000688 00000008H .CRT$XTA                DATA
 0002:00000690 00000010H .CRT$XTZ                DATA
 0002:00000698 00000000H .gehcont$y              DATA
 0002:00000698 00000000H .gfids$y                DATA
 0002:000006a0 0003a560H .rdata                  DATA
 0002:0003ac00 00000000H .rdata$CastGuardVftablesA DATA
 0002:0003ac00 00000000H .rdata$CastGuardVftablesC DATA
 0002:0003ac00 00000028H .rdata$T                DATA
 0002:0003ac28 000005f8H .rdata$voltmd           DATA
 0002:0003b220 000002f8H .rdata$zzzdbg           DATA
 0002:0003b518 00000008H .rtc$IAA                DATA
 0002:0003b520 00000008H .rtc$IZZ                DATA
 0002:0003b528 00000008H .rtc$TAA                DATA
 0002:0003b530 00000008H .rtc$TZZ                DATA
 0002:0003b538 00000008H .tls                    DATA
 0002:0003b540 00000020H .tls$                   DATA
 0002:0003b560 00000008H .tls$ZZZ                DATA
 0002:0003b568 00003568H .xdata                  DATA
 0002:0003ead0 000000a0H .edata                  DATA
 0002:0003eb70 000000dcH .idata$2                DATA
 0002:0003ec4c 00000014H .idata$3                DATA
 0002:0003ec60 00000610H .idata$4                DATA
 0002:0003f270 00000da0H .idata$6                DATA
 0003:00000000 00004620H .data                   DATA
 0003:00004620 0000fc88H .bss                    DATA
 0004:00000000 00002580H .pdata                  DATA

  Address         Publics by Value              Rva+Base               Lib:Object

 0000:00000000       __AbsoluteZero             0000000000000000     <absolute>
 0000:00000000       ___safe_se_handler_count   0000000000000000     <absolute>
 0000:00000000       ___safe_se_handler_table   0000000000000000     <absolute>
 0000:00000000       __arm64x_extra_rfe_table   0000000000000000     <absolute>
 0000:00000000       __arm64x_extra_rfe_table_size 0000000000000000     <absolute>
 0000:00000000       __arm64x_native_entrypoint 0000000000000000     <absolute>
 0000:00000000       __arm64x_redirection_metadata 0000000000000000     <absolute>
 0000:00000000       __arm64x_redirection_metadata_count 0000000000000000     <absolute>
 0000:00000000       __dynamic_value_reloc_table 0000000000000000     <absolute>
 0000:00000000       __enclave_config           0000000000000000     <absolute>
 0000:00000000       __guard_check_icall_a64n_fptr 0000000000000000     <absolute>
 0000:00000000       __guard_eh_cont_count      0000000000000000     <absolute>
 0000:00000000       __guard_eh_cont_table      0000000000000000     <absolute>
 0000:00000000       __guard_fids_count         0000000000000000     <absolute>
 0000:00000000       __guard_fids_table         0000000000000000     <absolute>
 0000:00000000       __guard_iat_count          0000000000000000     <absolute>
 0000:00000000       __guard_iat_table          0000000000000000     <absolute>
 0000:00000000       __guard_longjmp_count      0000000000000000     <absolute>
 0000:00000000       __guard_longjmp_table      0000000000000000     <absolute>
 0000:00000000       __hybrid_auxiliary_delayload_iat 0000000000000000     <absolute>
 0000:00000000       __hybrid_auxiliary_delayload_iat_copy 0000000000000000     <absolute>
 0000:00000000       __hybrid_auxiliary_iat     0000000000000000     <absolute>
 0000:00000000       __hybrid_auxiliary_iat_copy 0000000000000000     <absolute>
 0000:00000000       __hybrid_code_map          0000000000000000     <absolute>
 0000:00000000       __hybrid_code_map_count    0000000000000000     <absolute>
 0000:00000000       __x64_code_ranges_to_entry_points 0000000000000000     <absolute>
 0000:00000000       __x64_code_ranges_to_entry_points_count 0000000000000000     <absolute>
 0000:00000100       __guard_flags              0000000000000100     <absolute>
 0000:00000000       __ImageBase                0000000180000000     <linker-defined>
 0001:00000000       AudioProcess               0000000180001000 f   Game.obj
 0001:00000110       GameBegin                  0000000180001110 f   Game.obj
 0001:00000630       GameDraw                   0000000180001630 f   Game.obj
 0001:00000b40       GameDrawDebugInfo          0000000180001b40 f   Game.obj
 0001:000012e0       GameEnd                    00000001800022e0 f   Game.obj
 0001:00001330       GameSimulate               0000000180002330 f   Game.obj
 0001:000028d0       __local_stdio_printf_options 00000001800038d0 f i Game.obj
 0001:000028e0       sprintf_s                  00000001800038e0 f i Game.obj
 0001:00002940       LogError                   0000000180003940 f   Logger.obj
 0001:00002a00       LogFatalError              0000000180003a00 f   Logger.obj
 0001:00002a90       LogInfo                    0000000180003a90 f   Logger.obj
 0001:00002b50       LoggerBegin                0000000180003b50 f   Logger.obj
 0001:00002c10       snprintf                   0000000180003c10 f i Logger.obj
 0001:00002c70       vfprintf_s                 0000000180003c70 f i Logger.obj
 0001:00002cc0       vprintf_s                  0000000180003cc0 f i Logger.obj
 0001:00002d10       vsnprintf                  0000000180003d10 f i Logger.obj
 0001:000058a0       _glfwFreeMonitorWin32      00000001800068a0 f   raylib:rglfw.obj
 0001:00005a30       AttachAudioStreamProcessor 0000000180006a30 f   raylib:raudio.obj
 0001:00005d80       ma_audio_buffer_ref_read_pcm_frames 0000000180006d80 f   raylib:raudio.obj
 0001:00005f00       ma_biquad_process_pcm_frames 0000000180006f00 f   raylib:raudio.obj
 0001:00006370       ma_biquad_reinit           0000000180007370 f   raylib:raudio.obj
 0001:000064b0       ma_bpf_process_pcm_frames  00000001800074b0 f   raylib:raudio.obj
 0001:00006be0       ma_calculate_frame_count_after_resampling 0000000180007be0 f   raylib:raudio.obj
 0001:00007040       ma_channel_converter_init_preallocated 0000000180008040 f   raylib:raudio.obj
 0001:00007ad0       ma_channel_converter_process_pcm_frames 0000000180008ad0 f   raylib:raudio.obj
 0001:0000a860       ma_clip_pcm_frames         000000018000b860 f   raylib:raudio.obj
 0001:0000aa10       ma_clip_samples_f32        000000018000ba10 f   raylib:raudio.obj
 0001:0000abc0       ma_clip_samples_u8         000000018000bbc0 f   raylib:raudio.obj
 0001:0000afb0       ma_copy_and_apply_volume_and_clip_pcm_frames 000000018000bfb0 f   raylib:raudio.obj
 0001:0000b270       ma_copy_and_apply_volume_and_clip_samples_f32 000000018000c270 f   raylib:raudio.obj
 0001:0000b460       ma_copy_and_apply_volume_and_clip_samples_u8 000000018000c460 f   raylib:raudio.obj
 0001:0000b630       ma_copy_and_apply_volume_factor_f32 000000018000c630 f   raylib:raudio.obj
 0001:0000b810       ma_copy_pcm_frames         000000018000c810 f   raylib:raudio.obj
 0001:0000ba10       ma_data_converter_init_preallocated 000000018000ca10 f   raylib:raudio.obj
 0001:0000bd10       ma_data_converter_process_pcm_frames 000000018000cd10 f   raylib:raudio.obj
 0001:0000cf90       ma_data_source_read_pcm_frames 000000018000df90 f   raylib:raudio.obj
 0001:0000d360       ma_data_source_set_range_in_pcm_frames 000000018000e360 f   raylib:raudio.obj
 0001:0000e200       ma_decoder_get_length_in_pcm_frames 000000018000f200 f   raylib:raudio.obj
 0001:0000e470       ma_decoder_init_memory     000000018000f470 f   raylib:raudio.obj
 0001:0000e710       ma_decoder_init_vfs        000000018000f710 f   raylib:raudio.obj
 0001:0000e9c0       ma_decoder_init_vfs_w      000000018000f9c0 f   raylib:raudio.obj
 0001:0000eca0       ma_decoder_read_pcm_frames 000000018000fca0 f   raylib:raudio.obj
 0001:0000f130       ma_decoder_seek_to_pcm_frame 0000000180010130 f   raylib:raudio.obj
 0001:0000f2f0       ma_decoder_uninit          00000001800102f0 f   raylib:raudio.obj
 0001:0000f4c0       ma_device__on_notification_started 00000001800104c0 f   raylib:raudio.obj
 0001:000111e0       ma_device_start            00000001800121e0 f   raylib:raudio.obj
 0001:00011310       ma_device_stop             0000000180012310 f   raylib:raudio.obj
 0001:00011440       ma_engine_find_closest_listener 0000000180012440 f   raylib:raudio.obj
 0001:00011c80       ma_fader_process_pcm_frames 0000000180012c80 f   raylib:raudio.obj
 0001:00011e10       ma_fence_release           0000000180012e10 f   raylib:raudio.obj
 0001:00012680       ma_hpf1_process_pcm_frames 0000000180013680 f   raylib:raudio.obj
 0001:00012930       ma_hpf_process_pcm_frames  0000000180013930 f   raylib:raudio.obj
 0001:00013160       ma_job_queue_next          0000000180014160 f   raylib:raudio.obj
 0001:00013410       ma_job_queue_post          0000000180014410 f   raylib:raudio.obj
 0001:00015120       ma_log_postf               0000000180016120 f   raylib:raudio.obj
 0001:00015160       ma_log_postv               0000000180016160 f   raylib:raudio.obj
 0001:00015390       ma_lpf1_process_pcm_frames 0000000180016390 f   raylib:raudio.obj
 0001:00015640       ma_lpf2_init_preallocated  0000000180016640 f   raylib:raudio.obj
 0001:000158b0       ma_lpf_process_pcm_frames  00000001800168b0 f   raylib:raudio.obj
 0001:00016800       ma_mix_pcm_frames_f32      0000000180017800 f   raylib:raudio.obj
 0001:00016cd0       ma_node_get_output_channels 0000000180017cd0 f   raylib:raudio.obj
 0001:00016cf0       ma_node_graph_read_pcm_frames 0000000180017cf0 f   raylib:raudio.obj
 0001:000178d0       ma_noise_read_pcm_frames   00000001800188d0 f   raylib:raudio.obj
 0001:000193f0       ma_paged_audio_buffer_data_allocate_page 000000018001a3f0 f   raylib:raudio.obj
 0001:00019500       ma_paged_audio_buffer_read_pcm_frames 000000018001a500 f   raylib:raudio.obj
 0001:000196d0       ma_pcm_convert             000000018001a6d0 f   raylib:raudio.obj
 0001:00019f80       ma_pcm_f32_to_s16          000000018001af80 f   raylib:raudio.obj
 0001:0001b350       ma_pcm_f32_to_s24          000000018001c350 f   raylib:raudio.obj
 0001:0001b4d0       ma_pcm_f32_to_s32          000000018001c4d0 f   raylib:raudio.obj
 0001:0001b610       ma_pcm_f32_to_u8           000000018001c610 f   raylib:raudio.obj
 0001:0001baa0       ma_pcm_s16_to_f32          000000018001caa0 f   raylib:raudio.obj
 0001:0001bc60       ma_pcm_s16_to_u8           000000018001cc60 f   raylib:raudio.obj
 0001:0001bef0       ma_pcm_s24_to_s16          000000018001cef0 f   raylib:raudio.obj
 0001:0001c100       ma_pcm_s24_to_u8           000000018001d100 f   raylib:raudio.obj
 0001:0001c2f0       ma_pcm_s32_to_f32          000000018001d2f0 f   raylib:raudio.obj
 0001:0001c490       ma_pcm_s32_to_s16          000000018001d490 f   raylib:raudio.obj
 0001:0001c700       ma_pcm_s32_to_u8           000000018001d700 f   raylib:raudio.obj
 0001:0001c9f0       ma_pcm_u8_to_f32           000000018001d9f0 f   raylib:raudio.obj
 0001:0001cca0       ma_resampler_init_preallocated 000000018001dca0 f   raylib:raudio.obj
 0001:0001cd90       ma_resource_manager_data_buffer_get_available_frames 000000018001dd90 f   raylib:raudio.obj
 0001:0001cf90       ma_resource_manager_data_buffer_get_data_format 000000018001df90 f   raylib:raudio.obj
 0001:0001e280       ma_resource_manager_data_buffer_read_pcm_frames 000000018001f280 f   raylib:raudio.obj
 0001:0001e430       ma_resource_manager_data_buffer_seek_to_pcm_frame 000000018001f430 f   raylib:raudio.obj
 0001:0001e980       ma_resource_manager_data_stream_read_pcm_frames 000000018001f980 f   raylib:raudio.obj
 0001:0001ec40       ma_resource_manager_data_stream_seek_to_pcm_frame 000000018001fc40 f   raylib:raudio.obj
 0001:0001ef80       ma_result_description      000000018001ff80 f   raylib:raudio.obj
 0001:0001f810       ma_silence_pcm_frames      0000000180020810 f   raylib:raudio.obj
 0001:0001f8b0       ma_slot_allocator_alloc    00000001800208b0 f   raylib:raudio.obj
 0001:0001f9e0       ma_spatializer_get_relative_position_and_direction 00000001800209e0 f   raylib:raudio.obj
 0001:000200e0       ma_spatializer_process_pcm_frames 00000001800210e0 f   raylib:raudio.obj
 0001:00021cc0       sprintf                    0000000180022cc0 f i raylib:raudio.obj
 0001:00021d20       __local_stdio_scanf_options 0000000180022d20 f i raylib:rcore.obj
 0001:00022020       sscanf                     0000000180023020 f i raylib:rtext.obj
 0001:00022080       _glfwConnectWin32          0000000180023080 f   raylib:rglfw.obj
 0001:00022490       _glfwAllocJoystick         0000000180023490 f   raylib:rglfw.obj
 0001:00022690       _glfwCenterCursorInContentArea 0000000180023690 f   raylib:rglfw.obj
 0001:000226e0       _glfwChooseFBConfig        00000001800236e0 f   raylib:rglfw.obj
 0001:000228d0       _glfwChooseVideoMode       00000001800238d0 f   raylib:rglfw.obj
 0001:00022ae0       _glfwCreateContextEGL      0000000180023ae0 f   raylib:rglfw.obj
 0001:00023020       _glfwCreateContextOSMesa   0000000180024020 f   raylib:rglfw.obj
 0001:00023260       _glfwCreateContextWGL      0000000180024260 f   raylib:rglfw.obj
 0001:000236e0       _glfwCreateCursorWin32     00000001800246e0 f   raylib:rglfw.obj
 0001:00023720       _glfwCreateStandardCursorWin32 0000000180024720 f   raylib:rglfw.obj
 0001:00023820       _glfwCreateUTF8FromWideStringWin32 0000000180024820 f   raylib:rglfw.obj
 0001:00023930       _glfwCreateWideStringFromUTF8Win32 0000000180024930 f   raylib:rglfw.obj
 0001:00023a60       _glfwCreateWindowSurfaceWin32 0000000180024a60 f   raylib:rglfw.obj
 0001:00023b30       _glfwCreateWindowWin32     0000000180024b30 f   raylib:rglfw.obj
 0001:00023eb0       _glfwDestroyCursorWin32    0000000180024eb0 f   raylib:rglfw.obj
 0001:00023ed0       _glfwDestroyWindowWin32    0000000180024ed0 f   raylib:rglfw.obj
 0001:00023f90       _glfwDetectJoystickConnectionWin32 0000000180024f90 f   raylib:rglfw.obj
 0001:000241e0       _glfwFocusWindowWin32      00000001800251e0 f   raylib:rglfw.obj
 0001:00024220       _glfwFramebufferTransparentWin32 0000000180025220 f   raylib:rglfw.obj
 0001:000242a0       _glfwFreeGammaArrays       00000001800252a0 f   raylib:rglfw.obj
 0001:00024300       _glfwGetClipboardStringWin32 0000000180025300 f   raylib:rglfw.obj
 0001:00024400       _glfwGetCursorPosWin32     0000000180025400 f   raylib:rglfw.obj
 0001:00024470       _glfwGetEGLNativeDisplayWin32 0000000180025470 f   raylib:rglfw.obj
 0001:00024480       _glfwGetEGLNativeWindowWin32 0000000180025480 f   raylib:rglfw.obj
 0001:00024490       _glfwGetEGLPlatformWin32   0000000180025490 f   raylib:rglfw.obj
 0001:00024580       _glfwGetFramebufferSizeWin32 0000000180025580 f   raylib:rglfw.obj
 0001:00024580       _glfwGetWindowSizeWin32    0000000180025580 f   raylib:rglfw.obj
 0001:000245e0       _glfwGetGammaRampWin32     00000001800255e0 f   raylib:rglfw.obj
 0001:00024840       _glfwGetKeyScancodeWin32   0000000180025840 f   raylib:rglfw.obj
 0001:00024850       _glfwGetMappingNameWin32   0000000180025850 f   raylib:rglfw.obj
 0001:00024860       _glfwGetMonitorContentScaleWin32 0000000180025860 f   raylib:rglfw.obj
 0001:00024960       _glfwGetMonitorPosWin32    0000000180025960 f   raylib:rglfw.obj
 0001:00024a00       _glfwGetMonitorWorkareaWin32 0000000180025a00 f   raylib:rglfw.obj
 0001:00024aa0       _glfwGetPhysicalDevicePresentationSupportWin32 0000000180025aa0 f   raylib:rglfw.obj
 0001:00024b00       _glfwGetRequiredInstanceExtensionsWin32 0000000180025b00 f   raylib:rglfw.obj
 0001:00024b30       _glfwGetScancodeNameWin32  0000000180025b30 f   raylib:rglfw.obj
 0001:00024b80       _glfwGetVideoModeWin32     0000000180025b80 f   raylib:rglfw.obj
 0001:00024c80       _glfwGetVideoModesWin32    0000000180025c80 f   raylib:rglfw.obj
 0001:00025000       _glfwGetVulkanResultString 0000000180026000 f   raylib:rglfw.obj
 0001:00025170       _glfwGetWindowContentScaleWin32 0000000180026170 f   raylib:rglfw.obj
 0001:00025280       _glfwGetWindowFrameSizeWin32 0000000180026280 f   raylib:rglfw.obj
 0001:00025440       _glfwGetWindowOpacityWin32 0000000180026440 f   raylib:rglfw.obj
 0001:000254b0       _glfwGetWindowPosWin32     00000001800264b0 f   raylib:rglfw.obj
 0001:00025500       _glfwHideWindowWin32       0000000180026500 f   raylib:rglfw.obj
 0001:00025510       _glfwIconifyWindowWin32    0000000180026510 f   raylib:rglfw.obj
 0001:00025530       _glfwInitEGL               0000000180026530 f   raylib:rglfw.obj
 0001:00025fa0       _glfwInitJoysticksWin32    0000000180026fa0 f   raylib:rglfw.obj
 0001:00026010       _glfwInitWGL               0000000180027010 f   raylib:rglfw.obj
 0001:000263c0       _glfwInitWin32             00000001800273c0 f   raylib:rglfw.obj
 0001:00026640       _glfwInputChar             0000000180027640 f   raylib:rglfw.obj
 0001:000266b0       _glfwInputCursorPos        00000001800276b0 f   raylib:rglfw.obj
 0001:000266f0       _glfwInputError            00000001800276f0 f   raylib:rglfw.obj
 0001:00026b80       _glfwInputErrorWin32       0000000180027b80 f   raylib:rglfw.obj
 0001:00026c80       _glfwInputKey              0000000180027c80 f   raylib:rglfw.obj
 0001:00026d00       _glfwInputMonitor          0000000180027d00 f   raylib:rglfw.obj
 0001:00026f90       _glfwInputMouseClick       0000000180027f90 f   raylib:rglfw.obj
 0001:00026fe0       _glfwInputWindowFocus      0000000180027fe0 f   raylib:rglfw.obj
 0001:000270c0       _glfwIsWindows10BuildOrGreaterWin32 00000001800280c0 f   raylib:rglfw.obj
 0001:00027170       _glfwIsWindowsVersionOrGreaterWin32 0000000180028170 f   raylib:rglfw.obj
 0001:00027250       _glfwMaximizeWindowWin32   0000000180028250 f   raylib:rglfw.obj
 0001:00027450       _glfwPollEventsWin32       0000000180028450 f   raylib:rglfw.obj
 0001:000276e0       _glfwPollJoystickWin32     00000001800286e0 f   raylib:rglfw.obj
 0001:00027ba0       _glfwPollMonitorsWin32     0000000180028ba0 f   raylib:rglfw.obj
 0001:00028070       _glfwPostEmptyEventWin32   0000000180029070 f   raylib:rglfw.obj
 0001:00028090       _glfwRawMouseMotionSupportedWin32 0000000180029090 f   raylib:rglfw.obj
 0001:000280a0       _glfwRefreshContextAttribs 00000001800290a0 f   raylib:rglfw.obj
 0001:000286a0       _glfwRequestWindowAttentionWin32 00000001800296a0 f   raylib:rglfw.obj
 0001:000286c0       _glfwRestoreWindowWin32    00000001800296c0 f   raylib:rglfw.obj
 0001:000286e0       _glfwSetClipboardStringWin32 00000001800296e0 f   raylib:rglfw.obj
 0001:00028800       _glfwSetCursorModeWin32    0000000180029800 f   raylib:rglfw.obj
 0001:00028930       _glfwSetCursorPosWin32     0000000180029930 f   raylib:rglfw.obj
 0001:00028980       _glfwSetCursorWin32        0000000180029980 f   raylib:rglfw.obj
 0001:000289b0       _glfwSetGammaRampWin32     00000001800299b0 f   raylib:rglfw.obj
 0001:00028b90       _glfwSetRawMouseMotionWin32 0000000180029b90 f   raylib:rglfw.obj
 0001:00028c20       _glfwSetVideoModeWin32     0000000180029c20 f   raylib:rglfw.obj
 0001:00028e10       _glfwSetWindowAspectRatioWin32 0000000180029e10 f   raylib:rglfw.obj
 0001:00028ea0       _glfwSetWindowDecoratedWin32 0000000180029ea0 f   raylib:rglfw.obj
 0001:00028ea0       _glfwSetWindowResizableWin32 0000000180029ea0 f   raylib:rglfw.obj
 0001:00028eb0       _glfwSetWindowFloatingWin32 0000000180029eb0 f   raylib:rglfw.obj
 0001:00028ef0       _glfwSetWindowIconWin32    0000000180029ef0 f   raylib:rglfw.obj
 0001:00029050       _glfwSetWindowMonitorWin32 000000018002a050 f   raylib:rglfw.obj
 0001:00029450       _glfwSetWindowMousePassthroughWin32 000000018002a450 f   raylib:rglfw.obj
 0001:00029520       _glfwSetWindowOpacityWin32 000000018002a520 f   raylib:rglfw.obj
 0001:000295c0       _glfwSetWindowPosWin32     000000018002a5c0 f   raylib:rglfw.obj
 0001:000296f0       _glfwSetWindowSizeLimitsWin32 000000018002a6f0 f   raylib:rglfw.obj
 0001:00029780       _glfwSetWindowSizeWin32    000000018002a780 f   raylib:rglfw.obj
 0001:00029900       _glfwSetWindowTitleWin32   000000018002a900 f   raylib:rglfw.obj
 0001:00029950       _glfwShowWindowWin32       000000018002a950 f   raylib:rglfw.obj
 0001:00029970       _glfwStringInExtensionString 000000018002a970 f   raylib:rglfw.obj
 0001:000299e0       _glfwTerminateEGL          000000018002a9e0 f   raylib:rglfw.obj
 0001:00029a30       _glfwTerminateJoysticksWin32 000000018002aa30 f   raylib:rglfw.obj
 0001:00029b70       _glfwTerminateWin32        000000018002ab70 f   raylib:rglfw.obj
 0001:00029ce0       _glfwUpdateGamepadGUIDWin32 000000018002ace0 f   raylib:rglfw.obj
 0001:00029d50       _glfwUpdateKeyNamesWin32   000000018002ad50 f   raylib:rglfw.obj
 0001:00029f50       _glfwWaitEventsTimeoutWin32 000000018002af50 f   raylib:rglfw.obj
 0001:00029f80       _glfwWaitEventsWin32       000000018002af80 f   raylib:rglfw.obj
 0001:00029fa0       _glfwWindowFocusedWin32    000000018002afa0 f   raylib:rglfw.obj
 0001:00029fd0       _glfwWindowHoveredWin32    000000018002afd0 f   raylib:rglfw.obj
 0001:00029fe0       _glfwWindowIconifiedWin32  000000018002afe0 f   raylib:rglfw.obj
 0001:00029ff0       _glfwWindowMaximizedWin32  000000018002aff0 f   raylib:rglfw.obj
 0001:0002a000       _glfwWindowVisibleWin32    000000018002b000 f   raylib:rglfw.obj
 0001:0002a010       _glfw_calloc               000000018002b010 f   raylib:rglfw.obj
 0001:0002ce70       glfwExtensionSupported     000000018002de70 f   raylib:rglfw.obj
 0001:0002f10c       __GSHandlerCheck           000000018003010c f   msvcrt:gshandler.obj
 0001:0002f12c       __GSHandlerCheckCommon     000000018003012c f   msvcrt:gshandler.obj
 0001:0002f1a0       __security_check_cookie    00000001800301a0 f   msvcrt:amdsecgs.obj
 0001:0002f4e0       _DllMainCRTStartup         00000001800304e0 f   msvcrt:dll_dllmain.obj
 0001:0002f520       __raise_securityfailure    0000000180030520 f   msvcrt:gs_report.obj
 0001:0002f554       __report_gsfailure         0000000180030554 f   msvcrt:gs_report.obj
 0001:0002f6b0       __chkstk                   00000001800306b0 f   msvcrt:chkstk.obj
 0001:0002f6b0       _alloca_probe              00000001800306b0 f   msvcrt:chkstk.obj
 0001:0002f700       __isa_available_init       0000000180030700 f   msvcrt:cpu_disp.obj
 0001:0002f8ac       __security_init_cookie     00000001800308ac f   msvcrt:gs_support.obj
 0001:0002f958       DllMain                    0000000180030958 f   msvcrt:dll_dllmain_stub.obj
 0001:0002f97c       ?__scrt_initialize_type_info@@YAXXZ 000000018003097c f   msvcrt:tncleanup.obj
 0001:0002f98c       ?__scrt_uninitialize_type_info@@YAXXZ 000000018003098c f   msvcrt:tncleanup.obj
 0001:0002f998       __scrt_initialize_default_local_stdio_options 0000000180030998 f   msvcrt:default_local_stdio_options.obj
 0001:0002f9b4       __scrt_acquire_startup_lock 00000001800309b4 f   msvcrt:utility.obj
 0001:0002f9f0       __scrt_dllmain_after_initialize_c 00000001800309f0 f   msvcrt:utility.obj
 0001:0002fa24       __scrt_dllmain_before_initialize_c 0000000180030a24 f   msvcrt:utility.obj
 0001:0002fa3c       __scrt_dllmain_crt_thread_attach 0000000180030a3c f   msvcrt:utility.obj
 0001:0002fa64       __scrt_dllmain_crt_thread_detach 0000000180030a64 f   msvcrt:utility.obj
 0001:0002fa7c       __scrt_dllmain_exception_filter 0000000180030a7c f   msvcrt:utility.obj
 0001:0002fadc       __scrt_dllmain_uninitialize_c 0000000180030adc f   msvcrt:utility.obj
 0001:0002fb0c       __scrt_dllmain_uninitialize_critical 0000000180030b0c f   msvcrt:utility.obj
 0001:0002fb20       __scrt_initialize_crt      0000000180030b20 f   msvcrt:utility.obj
 0001:0002fb6c       __scrt_initialize_onexit_tables 0000000180030b6c f   msvcrt:utility.obj
 0001:0002fbf8       __scrt_is_nonwritable_in_current_image 0000000180030bf8 f   msvcrt:utility.obj
 0001:0002fc90       __scrt_release_startup_lock 0000000180030c90 f   msvcrt:utility.obj
 0001:0002fcb4       __scrt_uninitialize_crt    0000000180030cb4 f   msvcrt:utility.obj
 0001:0002fce0       __scrt_get_dyn_tls_init_callback 0000000180030ce0 f   msvcrt:dyn_tls_init.obj
 0001:0002fce8       __crt_debugger_hook        0000000180030ce8 f   msvcrt:utility_desktop.obj
 0001:0002fcf0       __scrt_fastfail            0000000180030cf0 f   msvcrt:utility_desktop.obj
 0001:0002fe3c       _RTC_Initialize            0000000180030e3c f   msvcrt:initsect.obj
 0001:0002fe78       _RTC_Terminate             0000000180030e78 f   msvcrt:initsect.obj
 0001:0002feb4       _guard_check_icall_nop     0000000180030eb4 f i msvcrt:guard_support.obj
 0001:0002feb8       _get_startup_argv_mode     0000000180030eb8 f   msvcrt:argv_mode.obj
 0001:0002fec0       __scrt_is_ucrt_dll_in_use  0000000180030ec0 f   msvcrt:ucrt_detection.obj
 0001:0002fed0       memset                     0000000180030ed0 f   vcruntime:VCRUNTIME140.dll
 0001:0002fed6       memcpy                     0000000180030ed6 f   vcruntime:VCRUNTIME140.dll
 0001:0002fedc       memmove                    0000000180030edc f   vcruntime:VCRUNTIME140.dll
 0001:0002fee2       strstr                     0000000180030ee2 f   vcruntime:VCRUNTIME140.dll
 0001:0002fee8       __C_specific_handler       0000000180030ee8 f   vcruntime:VCRUNTIME140.dll
 0001:0002feee       __std_type_info_destroy_list 0000000180030eee f   vcruntime:VCRUNTIME140.dll
 0001:0002fef4       free                       0000000180030ef4 f   ucrt:api-ms-win-crt-heap-l1-1-0.dll
 0001:0002fefa       malloc                     0000000180030efa f   ucrt:api-ms-win-crt-heap-l1-1-0.dll
 0001:0002ff00       strcpy_s                   0000000180030f00 f   ucrt:api-ms-win-crt-string-l1-1-0.dll
 0001:0002ff06       __stdio_common_vsprintf_s  0000000180030f06 f   ucrt:api-ms-win-crt-stdio-l1-1-0.dll
 0001:0002ff0c       exit                       0000000180030f0c f   ucrt:api-ms-win-crt-runtime-l1-1-0.dll
 0001:0002ff12       __acrt_iob_func            0000000180030f12 f   ucrt:api-ms-win-crt-stdio-l1-1-0.dll
 0001:0002ff18       fopen_s                    0000000180030f18 f   ucrt:api-ms-win-crt-stdio-l1-1-0.dll
 0001:0002ff1e       __stdio_common_vfprintf_s  0000000180030f1e f   ucrt:api-ms-win-crt-stdio-l1-1-0.dll
 0001:0002ff24       __stdio_common_vsprintf    0000000180030f24 f   ucrt:api-ms-win-crt-stdio-l1-1-0.dll
 0001:0002ff2a       exp                        0000000180030f2a f   ucrt:api-ms-win-crt-math-l1-1-0.dll
 0001:0002ff30       pow                        0000000180030f30 f   ucrt:api-ms-win-crt-math-l1-1-0.dll
 0001:0002ff36       sin                        0000000180030f36 f   ucrt:api-ms-win-crt-math-l1-1-0.dll
 0001:0002ff3c       sqrt                       0000000180030f3c f   ucrt:api-ms-win-crt-math-l1-1-0.dll
 0001:0002ff42       strcmp                     0000000180030f42 f   ucrt:api-ms-win-crt-string-l1-1-0.dll
 0001:0002ff48       _initterm                  0000000180030f48 f   ucrt:api-ms-win-crt-runtime-l1-1-0.dll
 0001:0002ff4e       _initterm_e                0000000180030f4e f   ucrt:api-ms-win-crt-runtime-l1-1-0.dll
 0001:0002ff54       _seh_filter_dll            0000000180030f54 f   ucrt:api-ms-win-crt-runtime-l1-1-0.dll
 0001:0002ff5a       _configure_narrow_argv     0000000180030f5a f   ucrt:api-ms-win-crt-runtime-l1-1-0.dll
 0001:0002ff60       _initialize_narrow_environment 0000000180030f60 f   ucrt:api-ms-win-crt-runtime-l1-1-0.dll
 0001:0002ff66       _initialize_onexit_table   0000000180030f66 f   ucrt:api-ms-win-crt-runtime-l1-1-0.dll
 0001:0002ff6c       _execute_onexit_table      0000000180030f6c f   ucrt:api-ms-win-crt-runtime-l1-1-0.dll
 0001:0002ff72       _cexit                     0000000180030f72 f   ucrt:api-ms-win-crt-runtime-l1-1-0.dll
 0001:0002ff78       __acrt_initialize          0000000180030f78 f   msvcrt:ucrt_stubs.obj
 0001:0002ff78       __acrt_thread_attach       0000000180030f78 f   msvcrt:ucrt_stubs.obj
 0001:0002ff78       __acrt_thread_detach       0000000180030f78 f   msvcrt:ucrt_stubs.obj
 0001:0002ff78       __acrt_uninitialize        0000000180030f78 f   msvcrt:ucrt_stubs.obj
 0001:0002ff78       __acrt_uninitialize_critical 0000000180030f78 f   msvcrt:ucrt_stubs.obj
 0001:0002ff78       __scrt_stub_for_acrt_initialize 0000000180030f78 f   msvcrt:ucrt_stubs.obj
 0001:0002ff78       __scrt_stub_for_acrt_thread_attach 0000000180030f78 f   msvcrt:ucrt_stubs.obj
 0001:0002ff78       __scrt_stub_for_acrt_thread_detach 0000000180030f78 f   msvcrt:ucrt_stubs.obj
 0001:0002ff78       __scrt_stub_for_acrt_uninitialize 0000000180030f78 f   msvcrt:ucrt_stubs.obj
 0001:0002ff78       __scrt_stub_for_acrt_uninitialize_critical 0000000180030f78 f   msvcrt:ucrt_stubs.obj
 0001:0002ff78       __vcrt_initialize          0000000180030f78 f   msvcrt:ucrt_stubs.obj
 0001:0002ff78       __vcrt_thread_attach       0000000180030f78 f   msvcrt:ucrt_stubs.obj
 0001:0002ff78       __vcrt_thread_detach       0000000180030f78 f   msvcrt:ucrt_stubs.obj
 0001:0002ff78       __vcrt_uninitialize        0000000180030f78 f   msvcrt:ucrt_stubs.obj
 0001:0002ff78       __vcrt_uninitialize_critical 0000000180030f78 f   msvcrt:ucrt_stubs.obj
 0001:0002ff7c       __scrt_stub_for_is_c_termination_complete 0000000180030f7c f   msvcrt:ucrt_stubs.obj
 0001:0002ff7c       _is_c_termination_complete 0000000180030f7c f   msvcrt:ucrt_stubs.obj
 0001:0002ff90       _guard_dispatch_icall_nop  0000000180030f90 f   msvcrt:guard_dispatch.obj
 0001:0002ffb0       _guard_xfg_dispatch_icall_nop 0000000180030fb0 f   msvcrt:guard_xfg_dispatch.obj
 0002:00000000       __imp_ChoosePixelFormat    0000000180032000     gdi32:GDI32.dll
 0002:00000008       __imp_CreateBitmap         0000000180032008     gdi32:GDI32.dll
 0002:00000010       __imp_CreateDCW            0000000180032010     gdi32:GDI32.dll
 0002:00000018       __imp_CreateRectRgn        0000000180032018     gdi32:GDI32.dll
 0002:00000020       __imp_DeleteDC             0000000180032020     gdi32:GDI32.dll
 0002:00000028       __imp_DeleteObject         0000000180032028     gdi32:GDI32.dll
 0002:00000030       __imp_DescribePixelFormat  0000000180032030     gdi32:GDI32.dll
 0002:00000038       __imp_GetDeviceCaps        0000000180032038     gdi32:GDI32.dll
 0002:00000040       __imp_SetPixelFormat       0000000180032040     gdi32:GDI32.dll
 0002:00000048       __imp_CreateDIBSection     0000000180032048     gdi32:GDI32.dll
 0002:00000050       __imp_GetDeviceGammaRamp   0000000180032050     gdi32:GDI32.dll
 0002:00000058       __imp_SetDeviceGammaRamp   0000000180032058     gdi32:GDI32.dll
 0002:00000060       __imp_SwapBuffers          0000000180032060     gdi32:GDI32.dll
 0002:00000068       \177GDI32_NULL_THUNK_DATA  0000000180032068     gdi32:GDI32.dll
 0002:00000070       __imp_IsDebuggerPresent    0000000180032070     kernel32:KERNEL32.dll
 0002:00000078       __imp_InitializeSListHead  0000000180032078     kernel32:KERNEL32.dll
 0002:00000080       __imp_DisableThreadLibraryCalls 0000000180032080     kernel32:KERNEL32.dll
 0002:00000088       __imp_GetSystemTimeAsFileTime 0000000180032088     kernel32:KERNEL32.dll
 0002:00000090       __imp_GetCurrentThreadId   0000000180032090     kernel32:KERNEL32.dll
 0002:00000098       __imp_GetCurrentProcessId  0000000180032098     kernel32:KERNEL32.dll
 0002:000000a0       __imp_IsProcessorFeaturePresent 00000001800320a0     kernel32:KERNEL32.dll
 0002:000000a8       __imp_TerminateProcess     00000001800320a8     kernel32:KERNEL32.dll
 0002:000000b0       __imp_GetCurrentProcess    00000001800320b0     kernel32:KERNEL32.dll
 0002:000000b8       __imp_SetUnhandledExceptionFilter 00000001800320b8     kernel32:KERNEL32.dll
 0002:000000c0       __imp_UnhandledExceptionFilter 00000001800320c0     kernel32:KERNEL32.dll
 0002:000000c8       __imp_RtlVirtualUnwind     00000001800320c8     kernel32:KERNEL32.dll
 0002:000000d0       __imp_RtlLookupFunctionEntry 00000001800320d0     kernel32:KERNEL32.dll
 0002:000000d8       __imp_RtlCaptureContext    00000001800320d8     kernel32:KERNEL32.dll
 0002:000000e0       __imp_MultiByteToWideChar  00000001800320e0     kernel32:KERNEL32.dll
 0002:000000e8       __imp_FormatMessageW       00000001800320e8     kernel32:KERNEL32.dll
 0002:000000f0       __imp_SetThreadExecutionState 00000001800320f0     kernel32:KERNEL32.dll
 0002:000000f8       __imp_GlobalFree           00000001800320f8     kernel32:KERNEL32.dll
 0002:00000100       __imp_GlobalLock           0000000180032100     kernel32:KERNEL32.dll
 0002:00000108       __imp_GlobalUnlock         0000000180032108     kernel32:KERNEL32.dll
 0002:00000110       __imp_GlobalAlloc          0000000180032110     kernel32:KERNEL32.dll
 0002:00000118       __imp_GetModuleHandleExW   0000000180032118     kernel32:KERNEL32.dll
 0002:00000120       __imp_GetModuleHandleW     0000000180032120     kernel32:KERNEL32.dll
 0002:00000128       __imp_TlsSetValue          0000000180032128     kernel32:KERNEL32.dll
 0002:00000130       __imp_TlsGetValue          0000000180032130     kernel32:KERNEL32.dll
 0002:00000138       __imp_LeaveCriticalSection 0000000180032138     kernel32:KERNEL32.dll
 0002:00000140       __imp_EnterCriticalSection 0000000180032140     kernel32:KERNEL32.dll
 0002:00000148       __imp_VerSetConditionMask  0000000180032148     kernel32:KERNEL32.dll
 0002:00000150       __imp_WideCharToMultiByte  0000000180032150     kernel32:KERNEL32.dll
 0002:00000158       __imp_LoadLibraryA         0000000180032158     kernel32:KERNEL32.dll
 0002:00000160       __imp_GetProcAddress       0000000180032160     kernel32:KERNEL32.dll
 0002:00000168       __imp_FreeLibrary          0000000180032168     kernel32:KERNEL32.dll
 0002:00000170       __imp_CreateEventA         0000000180032170     kernel32:KERNEL32.dll
 0002:00000178       __imp_WaitForSingleObject  0000000180032178     kernel32:KERNEL32.dll
 0002:00000180       __imp_ReleaseSemaphore     0000000180032180     kernel32:KERNEL32.dll
 0002:00000188       __imp_SetEvent             0000000180032188     kernel32:KERNEL32.dll
 0002:00000190       __imp_GetProcessHeap       0000000180032190     kernel32:KERNEL32.dll
 0002:00000198       __imp_HeapFree             0000000180032198     kernel32:KERNEL32.dll
 0002:000001a0       __imp_HeapReAlloc          00000001800321a0     kernel32:KERNEL32.dll
 0002:000001a8       __imp_HeapAlloc            00000001800321a8     kernel32:KERNEL32.dll
 0002:000001b0       __imp_QueryPerformanceCounter 00000001800321b0     kernel32:KERNEL32.dll
 0002:000001b8       __imp_GetLastError         00000001800321b8     kernel32:KERNEL32.dll
 0002:000001c0       __imp_CloseHandle          00000001800321c0     kernel32:KERNEL32.dll
 0002:000001c8       __imp_SetFilePointerEx     00000001800321c8     kernel32:KERNEL32.dll
 0002:000001d0       __imp_ReadFile             00000001800321d0     kernel32:KERNEL32.dll
 0002:000001d8       __imp_CreateFileW          00000001800321d8     kernel32:KERNEL32.dll
 0002:000001e0       __imp_CreateFileA          00000001800321e0     kernel32:KERNEL32.dll
 0002:000001e8       \177KERNEL32_NULL_THUNK_DATA 00000001800321e8     kernel32:KERNEL32.dll
 0002:000001f0       __imp_DragQueryPoint       00000001800321f0     shell32:SHELL32.dll
 0002:000001f8       __imp_DragQueryFileW       00000001800321f8     shell32:SHELL32.dll
 0002:00000200       __imp_DragFinish           0000000180032200     shell32:SHELL32.dll
 0002:00000208       __imp_DragAcceptFiles      0000000180032208     shell32:SHELL32.dll
 0002:00000210       \177SHELL32_NULL_THUNK_DATA 0000000180032210     shell32:SHELL32.dll
 0002:00000218       __imp_LoadCursorW          0000000180032218     user32:USER32.dll
 0002:00000220       __imp_DestroyIcon          0000000180032220     user32:USER32.dll
 0002:00000228       __imp_LoadImageW           0000000180032228     user32:USER32.dll
 0002:00000230       __imp_CreateIconIndirect   0000000180032230     user32:USER32.dll
 0002:00000238       __imp_ChangeDisplaySettingsExW 0000000180032238     user32:USER32.dll
 0002:00000240       __imp_EnumDisplaySettingsW 0000000180032240     user32:USER32.dll
 0002:00000248       __imp_EnumDisplaySettingsExW 0000000180032248     user32:USER32.dll
 0002:00000250       __imp_GetClassLongPtrW     0000000180032250     user32:USER32.dll
 0002:00000258       __imp_SystemParametersInfoW 0000000180032258     user32:USER32.dll
 0002:00000260       __imp_MonitorFromWindow    0000000180032260     user32:USER32.dll
 0002:00000268       __imp_GetMonitorInfoW      0000000180032268     user32:USER32.dll
 0002:00000270       __imp_EnumDisplayMonitors  0000000180032270     user32:USER32.dll
 0002:00000278       __imp_GetRawInputData      0000000180032278     user32:USER32.dll
 0002:00000280       __imp_GetRawInputDeviceInfoA 0000000180032280     user32:USER32.dll
 0002:00000288       __imp_RegisterRawInputDevices 0000000180032288     user32:USER32.dll
 0002:00000290       __imp_GetRawInputDeviceList 0000000180032290     user32:USER32.dll
 0002:00000298       __imp_SetWindowLongW       0000000180032298     user32:USER32.dll
 0002:000002a0       __imp_GetWindowLongW       00000001800322a0     user32:USER32.dll
 0002:000002a8       __imp_PtInRect             00000001800322a8     user32:USER32.dll
 0002:000002b0       __imp_OffsetRect           00000001800322b0     user32:USER32.dll
 0002:000002b8       __imp_EnumDisplayDevicesW  00000001800322b8     user32:USER32.dll
 0002:000002c0       __imp_SetRect              00000001800322c0     user32:USER32.dll
 0002:000002c8       __imp_ClipCursor           00000001800322c8     user32:USER32.dll
 0002:000002d0       __imp_WindowFromPoint      00000001800322d0     user32:USER32.dll
 0002:000002d8       __imp_ScreenToClient       00000001800322d8     user32:USER32.dll
 0002:000002e0       __imp_ClientToScreen       00000001800322e0     user32:USER32.dll
 0002:000002e8       __imp_GetCursorPos         00000001800322e8     user32:USER32.dll
 0002:000002f0       __imp_SetCursor            00000001800322f0     user32:USER32.dll
 0002:000002f8       __imp_SetCursorPos         00000001800322f8     user32:USER32.dll
 0002:00000300       __imp_AdjustWindowRectEx   0000000180032300     user32:USER32.dll
 0002:00000308       __imp_GetWindowRect        0000000180032308     user32:USER32.dll
 0002:00000310       __imp_GetClientRect        0000000180032310     user32:USER32.dll
 0002:00000318       __imp_SetWindowTextW       0000000180032318     user32:USER32.dll
 0002:00000320       __imp_RemovePropW          0000000180032320     user32:USER32.dll
 0002:00000328       __imp_GetPropW             0000000180032328     user32:USER32.dll
 0002:00000330       __imp_SetPropW             0000000180032330     user32:USER32.dll
 0002:00000338       __imp_ReleaseDC            0000000180032338     user32:USER32.dll
 0002:00000340       __imp_GetDC                0000000180032340     user32:USER32.dll
 0002:00000348       __imp_SetForegroundWindow  0000000180032348     user32:USER32.dll
 0002:00000350       __imp_GetSystemMetrics     0000000180032350     user32:USER32.dll
 0002:00000358       __imp_MsgWaitForMultipleObjects 0000000180032358     user32:USER32.dll
 0002:00000360       __imp_ReleaseCapture       0000000180032360     user32:USER32.dll
 0002:00000368       __imp_SetCapture           0000000180032368     user32:USER32.dll
 0002:00000370       __imp_MapVirtualKeyW       0000000180032370     user32:USER32.dll
 0002:00000378       __imp_ToUnicode            0000000180032378     user32:USER32.dll
 0002:00000380       __imp_GetKeyState          0000000180032380     user32:USER32.dll
 0002:00000388       __imp_GetActiveWindow      0000000180032388     user32:USER32.dll
 0002:00000390       __imp_SetFocus             0000000180032390     user32:USER32.dll
 0002:00000398       __imp_EmptyClipboard       0000000180032398     user32:USER32.dll
 0002:000003a0       __imp_GetClipboardData     00000001800323a0     user32:USER32.dll
 0002:000003a8       __imp_SetClipboardData     00000001800323a8     user32:USER32.dll
 0002:000003b0       __imp_CloseClipboard       00000001800323b0     user32:USER32.dll
 0002:000003b8       __imp_OpenClipboard        00000001800323b8     user32:USER32.dll
 0002:000003c0       __imp_IsZoomed             00000001800323c0     user32:USER32.dll
 0002:000003c8       __imp_BringWindowToTop     00000001800323c8     user32:USER32.dll
 0002:000003d0       __imp_IsIconic             00000001800323d0     user32:USER32.dll
 0002:000003d8       __imp_IsWindowVisible      00000001800323d8     user32:USER32.dll
 0002:000003e0       __imp_SetWindowPlacement   00000001800323e0     user32:USER32.dll
 0002:000003e8       __imp_GetWindowPlacement   00000001800323e8     user32:USER32.dll
 0002:000003f0       __imp_SetWindowPos         00000001800323f0     user32:USER32.dll
 0002:000003f8       __imp_MoveWindow           00000001800323f8     user32:USER32.dll
 0002:00000400       __imp_FlashWindow          0000000180032400     user32:USER32.dll
 0002:00000408       __imp_SetLayeredWindowAttributes 0000000180032408     user32:USER32.dll
 0002:00000410       __imp_GetLayeredWindowAttributes 0000000180032410     user32:USER32.dll
 0002:00000418       __imp_ShowWindow           0000000180032418     user32:USER32.dll
 0002:00000420       __imp_DestroyWindow        0000000180032420     user32:USER32.dll
 0002:00000428       __imp_CreateWindowExW      0000000180032428     user32:USER32.dll
 0002:00000430       __imp_RegisterClassExW     0000000180032430     user32:USER32.dll
 0002:00000438       __imp_UnregisterClassW     0000000180032438     user32:USER32.dll
 0002:00000440       __imp_DefWindowProcW       0000000180032440     user32:USER32.dll
 0002:00000448       __imp_WaitMessage          0000000180032448     user32:USER32.dll
 0002:00000450       __imp_PostMessageW         0000000180032450     user32:USER32.dll
 0002:00000458       __imp_UnregisterDeviceNotification 0000000180032458     user32:USER32.dll
 0002:00000460       __imp_RegisterDeviceNotificationW 0000000180032460     user32:USER32.dll
 0002:00000468       __imp_SendMessageW         0000000180032468     user32:USER32.dll
 0002:00000470       __imp_GetMessageTime       0000000180032470     user32:USER32.dll
 0002:00000478       __imp_PeekMessageW         0000000180032478     user32:USER32.dll
 0002:00000480       __imp_DispatchMessageW     0000000180032480     user32:USER32.dll
 0002:00000488       __imp_TranslateMessage     0000000180032488     user32:USER32.dll
 0002:00000490       __imp_TrackMouseEvent      0000000180032490     user32:USER32.dll
 0002:00000498       \177USER32_NULL_THUNK_DATA 0000000180032498     user32:USER32.dll
 0002:000004a0       __imp_strstr               00000001800324a0     vcruntime:VCRUNTIME140.dll
 0002:000004a8       __imp_memset               00000001800324a8     vcruntime:VCRUNTIME140.dll
 0002:000004b0       __imp_memcpy               00000001800324b0     vcruntime:VCRUNTIME140.dll
 0002:000004b8       __imp_memmove              00000001800324b8     vcruntime:VCRUNTIME140.dll
 0002:000004c0       __imp___std_type_info_destroy_list 00000001800324c0     vcruntime:VCRUNTIME140.dll
 0002:000004c8       __imp___C_specific_handler 00000001800324c8     vcruntime:VCRUNTIME140.dll
 0002:000004d0       \177VCRUNTIME140_NULL_THUNK_DATA 00000001800324d0     vcruntime:VCRUNTIME140.dll
 0002:000004d8       __imp_calloc               00000001800324d8     ucrt:api-ms-win-crt-heap-l1-1-0.dll
 0002:000004e0       __imp_free                 00000001800324e0     ucrt:api-ms-win-crt-heap-l1-1-0.dll
 0002:000004e8       __imp_malloc               00000001800324e8     ucrt:api-ms-win-crt-heap-l1-1-0.dll
 0002:000004f0       \177api-ms-win-crt-heap-l1-1-0_NULL_THUNK_DATA 00000001800324f0     ucrt:api-ms-win-crt-heap-l1-1-0.dll
 0002:000004f8       __imp_exp                  00000001800324f8     ucrt:api-ms-win-crt-math-l1-1-0.dll
 0002:00000500       __imp_pow                  0000000180032500     ucrt:api-ms-win-crt-math-l1-1-0.dll
 0002:00000508       __imp_sin                  0000000180032508     ucrt:api-ms-win-crt-math-l1-1-0.dll
 0002:00000510       __imp_sqrt                 0000000180032510     ucrt:api-ms-win-crt-math-l1-1-0.dll
 0002:00000518       \177api-ms-win-crt-math-l1-1-0_NULL_THUNK_DATA 0000000180032518     ucrt:api-ms-win-crt-math-l1-1-0.dll
 0002:00000520       __imp__initterm_e          0000000180032520     ucrt:api-ms-win-crt-runtime-l1-1-0.dll
 0002:00000528       __imp__cexit               0000000180032528     ucrt:api-ms-win-crt-runtime-l1-1-0.dll
 0002:00000530       __imp_exit                 0000000180032530     ucrt:api-ms-win-crt-runtime-l1-1-0.dll
 0002:00000538       __imp__initialize_onexit_table 0000000180032538     ucrt:api-ms-win-crt-runtime-l1-1-0.dll
 0002:00000540       __imp__initialize_narrow_environment 0000000180032540     ucrt:api-ms-win-crt-runtime-l1-1-0.dll
 0002:00000548       __imp__configure_narrow_argv 0000000180032548     ucrt:api-ms-win-crt-runtime-l1-1-0.dll
 0002:00000550       __imp__seh_filter_dll      0000000180032550     ucrt:api-ms-win-crt-runtime-l1-1-0.dll
 0002:00000558       __imp__initterm            0000000180032558     ucrt:api-ms-win-crt-runtime-l1-1-0.dll
 0002:00000560       __imp__execute_onexit_table 0000000180032560     ucrt:api-ms-win-crt-runtime-l1-1-0.dll
 0002:00000568       \177api-ms-win-crt-runtime-l1-1-0_NULL_THUNK_DATA 0000000180032568     ucrt:api-ms-win-crt-runtime-l1-1-0.dll
 0002:00000570       __imp_fopen_s              0000000180032570     ucrt:api-ms-win-crt-stdio-l1-1-0.dll
 0002:00000578       __imp_feof                 0000000180032578     ucrt:api-ms-win-crt-stdio-l1-1-0.dll
 0002:00000580       __imp_ferror               0000000180032580     ucrt:api-ms-win-crt-stdio-l1-1-0.dll
 0002:00000588       __imp_ungetc               0000000180032588     ucrt:api-ms-win-crt-stdio-l1-1-0.dll
 0002:00000590       __imp___stdio_common_vfprintf_s 0000000180032590     ucrt:api-ms-win-crt-stdio-l1-1-0.dll
 0002:00000598       __imp___stdio_common_vsscanf 0000000180032598     ucrt:api-ms-win-crt-stdio-l1-1-0.dll
 0002:000005a0       __imp_fseek                00000001800325a0     ucrt:api-ms-win-crt-stdio-l1-1-0.dll
 0002:000005a8       __imp_fread                00000001800325a8     ucrt:api-ms-win-crt-stdio-l1-1-0.dll
 0002:000005b0       __imp_fgetc                00000001800325b0     ucrt:api-ms-win-crt-stdio-l1-1-0.dll
 0002:000005b8       __imp___acrt_iob_func      00000001800325b8     ucrt:api-ms-win-crt-stdio-l1-1-0.dll
 0002:000005c0       __imp___stdio_common_vsprintf 00000001800325c0     ucrt:api-ms-win-crt-stdio-l1-1-0.dll
 0002:000005c8       __imp___stdio_common_vsprintf_s 00000001800325c8     ucrt:api-ms-win-crt-stdio-l1-1-0.dll
 0002:000005d0       \177api-ms-win-crt-stdio-l1-1-0_NULL_THUNK_DATA 00000001800325d0     ucrt:api-ms-win-crt-stdio-l1-1-0.dll
 0002:000005d8       __imp_strcpy_s             00000001800325d8     ucrt:api-ms-win-crt-string-l1-1-0.dll
 0002:000005e0       __imp_strcmp               00000001800325e0     ucrt:api-ms-win-crt-string-l1-1-0.dll
 0002:000005e8       __imp_strncmp              00000001800325e8     ucrt:api-ms-win-crt-string-l1-1-0.dll
 0002:000005f0       __imp_strncpy              00000001800325f0     ucrt:api-ms-win-crt-string-l1-1-0.dll
 0002:000005f8       \177api-ms-win-crt-string-l1-1-0_NULL_THUNK_DATA 00000001800325f8     ucrt:api-ms-win-crt-string-l1-1-0.dll
 0002:00000600       __imp_qsort                0000000180032600     ucrt:api-ms-win-crt-utility-l1-1-0.dll
 0002:00000608       \177api-ms-win-crt-utility-l1-1-0_NULL_THUNK_DATA 0000000180032608     ucrt:api-ms-win-crt-utility-l1-1-0.dll
 0002:00000610       __guard_check_icall_fptr   0000000180032610     msvcrt:guard_support.obj
 0002:00000618       __guard_xfg_check_icall_fptr 0000000180032618     msvcrt:guard_support.obj
 0002:00000620       __guard_dispatch_icall_fptr 0000000180032620     msvcrt:guard_support.obj
 0002:00000628       __guard_xfg_dispatch_icall_fptr 0000000180032628     msvcrt:guard_support.obj
 0002:00000630       __guard_xfg_table_dispatch_icall_fptr 0000000180032630     msvcrt:guard_support.obj
 0002:00000638       __castguard_check_failure_os_handled_fptr 0000000180032638     msvcrt:guard_support.obj
 0002:00000640       __guard_memcpy_fptr        0000000180032640     vcruntime:softmemtag.obj
 0002:00000648       __xc_a                     0000000180032648     msvcrt:initializers.obj
 0002:00000650       __xc_z                     0000000180032650     msvcrt:initializers.obj
 0002:00000658       __xi_a                     0000000180032658     msvcrt:initializers.obj
 0002:00000660       __xi_z                     0000000180032660     msvcrt:initializers.obj
 0002:00000668       __xl_a                     0000000180032668     msvcrt:tlssup.obj
 0002:00000670       __xl_z                     0000000180032670     msvcrt:tlssup.obj
 0002:00000678       __xp_a                     0000000180032678     msvcrt:initializers.obj
 0002:00000680       __xp_z                     0000000180032680     msvcrt:initializers.obj
 0002:00000688       __xt_a                     0000000180032688     msvcrt:initializers.obj
 0002:00000690       __xt_z                     0000000180032690     msvcrt:initializers.obj
 0002:000006a0       ??_C@_05GFOLEBJA@?$CFs?1?$CFs@ 00000001800326a0     Game.obj
 0002:000006a8       ??_C@_0CB@NDAFIMKN@c?3?2dev?2c?2games?2space?2code?2Game?4@ 00000001800326a8     Game.obj
 0002:000006d0       ??_C@_0CM@CBCJMBEO@assertion?5failure?3?5?$BL?$FL0?$DL31m?$CI?$CFs?$CJ?$BL@ 00000001800326d0     Game.obj
 0002:00000700       ??_C@_0BE@PMNMGNPO@assets?1graphics?4png@ 0000000180032700     Game.obj
 0002:00000718       ??_C@_0BN@FFIIJEMM@assets?1nsstudios__laser3?4wav@ 0000000180032718     Game.obj
 0002:00000738       ??_C@_0BF@IAJHKOJH@assets?1explosion?4wav@ 0000000180032738     Game.obj
 0002:00000750       ??_C@_0BH@LJNEAKPL@assets?1background2?4wav@ 0000000180032750     Game.obj
 0002:00000768       ??_C@_0N@IJHOJAFC@begin_y?5?$DN?5?$CFu@ 0000000180032768     Game.obj
 0002:00000778       ??_C@_0DA@KBOEKGEI@initting?5alien?$CI?$CFu?0?5?$CFu?$CJ?5at?5?$HL?$CF?41f@ 0000000180032778     Game.obj
 0002:000007a8       ??_C@_0DG@PDADCANA@initting?5?$CFu?5outer_rectangle?5wit@ 00000001800327a8     Game.obj
 0002:000007e0       ??_C@_0BN@LOJBPD@alien?5?$CI?$CFu?0?5?$CFu?$CJ?5is?5not?5alive?$CB@ 00000001800327e0     Game.obj
 0002:00000800       ??_C@_0P@HHLNDLBD@Space?5Invaders@ 0000000180032800     Game.obj
 0002:00000810       ??_C@_0BM@ELGFKPGO@assets?1inconsolata_bold?4ttf@ 0000000180032810     Game.obj
 0002:00000830       ??_C@_07POILLFDI@log?4txt@ 0000000180032830     Game.obj
 0002:00000838       ??_C@_0BB@PMNOONFD@outer?4width?5?$CB?$DN?50@ 0000000180032838     Game.obj
 0002:00000850       ??_C@_0BC@DOHOLFKO@outer?4height?5?$CB?$DN?50@ 0000000180032850     Game.obj
 0002:00000868       ??_C@_0O@FAJNBFCD@tick?5?7?$CFlf?7?$CFlf@ 0000000180032868     Game.obj
 0002:00000878       ??_C@_09MAOEPLNL@GAME?5OVER@ 0000000180032878     Game.obj
 0002:00000888       ??_C@_08POCEOBIC@YOU?5WON?$CB@ 0000000180032888     Game.obj
 0002:00000898       ??_C@_09JFEGCAKB@SCORE?3?5?$CFu@ 0000000180032898     Game.obj
 0002:000008a4       ??_C@_05GKOFLPLB@LIVES@    00000001800328a4     Game.obj
 0002:000008b0       ??_C@_08DDMJMKID@fps?5?$DN?5?$CFi@ 00000001800328b0     Game.obj
 0002:000008c0       ??_C@_0BA@IACCBNGA@player?4x?5?$DN?5?$CF?43f@ 00000001800328c0     Game.obj
 0002:000008d0       ??_C@_0BL@INIJGCOC@player_active_bullets?5?$DN?5?$CFu@ 00000001800328d0     Game.obj
 0002:000008f0       ??_C@_0P@NMCODHME@time_coef?3?5?$CFlf@ 00000001800328f0     Game.obj
 0002:00000900       ??_C@_0P@OOJCPCBP@moving_to?5?$DN?5?$CFs@ 0000000180032900     Game.obj
 0002:00000910       ??_C@_04KCNEHMIH@LEFT@     0000000180032910     Game.obj
 0002:00000918       ??_C@_05PMAFOJDE@RIGHT@    0000000180032918     Game.obj
 0002:00000920       ??_C@_0BA@BGOLCPGO@moved_down?5?$DN?5?$CFs@ 0000000180032920     Game.obj
 0002:00000930       ??_C@_04LOAJBDKD@true@     0000000180032930     Game.obj
 0002:00000938       ??_C@_05LAPONLG@false@     0000000180032938     Game.obj
 0002:00000940       ??_C@_0O@KPEEMMKA@?$CFu?5?$DN?5?$HL?$CFf?0?5?$CFf?$HN@ 0000000180032940     Game.obj
 0002:00000950       ??_C@_0BG@ICBHNGOO@mouse_pos?5?$DN?5?$CF?41f?5?$CF?41f@ 0000000180032950     Game.obj
 0002:00000968       ??_C@_0BI@OIOHPACI@mouse_delta?5?$DN?5?$CF?41f?5?$CF?41f@ 0000000180032968     Game.obj
 0002:00000980       __real@3e19999a            0000000180032980     Game.obj
 0002:00000984       __real@3f000000            0000000180032984     Game.obj
 0002:00000988       __real@3f800000            0000000180032988     Game.obj
 0002:0000098c       __real@3fc00000            000000018003298c     Game.obj
 0002:00000990       __real@3fe0000000000000    0000000180032990     Game.obj
 0002:00000998       __real@3ff0000000000000    0000000180032998     Game.obj
 0002:000009a0       __real@3ff8000000000000    00000001800329a0     Game.obj
 0002:000009a8       __real@40000000            00000001800329a8     Game.obj
 0002:000009ac       __real@40200000            00000001800329ac     Game.obj
 0002:000009b0       __real@40400000            00000001800329b0     Game.obj
 0002:000009b8       __real@404b800000000000    00000001800329b8     Game.obj
 0002:000009c0       __real@40800000            00000001800329c0     Game.obj
 0002:000009c4       __real@40e00000            00000001800329c4     Game.obj
 0002:000009c8       __real@41000000            00000001800329c8     Game.obj
 0002:000009cc       __real@41200000            00000001800329cc     Game.obj
 0002:000009d0       __real@41300000            00000001800329d0     Game.obj
 0002:000009d4       __real@41400000            00000001800329d4     Game.obj
 0002:000009d8       __real@41700000            00000001800329d8     Game.obj
 0002:000009dc       __real@41800000            00000001800329dc     Game.obj
 0002:000009e0       __real@418c0000            00000001800329e0     Game.obj
 0002:000009e4       __real@41f00000            00000001800329e4     Game.obj
 0002:000009e8       __real@42300000            00000001800329e8     Game.obj
 0002:000009ec       __real@42dc0000            00000001800329ec     Game.obj
 0002:000009f0       __real@43480000            00000001800329f0     Game.obj
 0002:000009f4       __real@43520000            00000001800329f4     Game.obj
 0002:000009f8       __real@437a0000            00000001800329f8     Game.obj
 0002:000009fc       __real@43ac8000            00000001800329fc     Game.obj
 0002:00000a00       __real@461c3c00            0000000180032a00     Game.obj
 0002:00000a04       __real@c0a00000            0000000180032a04     Game.obj
 0002:00000a10       __xmm@00000001000000010000000100000001 0000000180032a10     Game.obj
 0002:00000a20       __xmm@41100000415000004244000040400000 0000000180032a20     Game.obj
 0002:00000a30       __xmm@4180000041b0000041f8000042380000 0000000180032a30     Game.obj
 0002:00000a40       ??_C@_01NOFIACDB@w@        0000000180032a40     Logger.obj
 0002:00000a48       ??_C@_0CN@NOEGGCJA@Logger?5initialized?5successfully@ 0000000180032a48     Logger.obj
 0002:00000a80       ??_C@_0EA@HGGOBLGD@FATAL?5ERROR?3?5file?5?$CC?$CFs?$CC?5provided@ 0000000180032a80     Logger.obj
 0002:00000ac0       ??_C@_0DC@GBKOPELI@FATAL?5ERROR?3?5invalid?5filename?5p@ 0000000180032ac0     Logger.obj
 0002:00000af8       ??_C@_0BE@DDHFAFOL@?$BL?$FL0m?$FLINFO?$FN?3?$BL?$FL0m?5?$CFs?6@ 0000000180032af8     Logger.obj
 0002:00000b10       ??_C@_0BI@NGPOHNHL@?$BL?$FL0?$DL31m?$FLERROR?$FN?3?$BL?$FL0m?5?$CFs?6@ 0000000180032b10     Logger.obj
 0002:00000b28       ??_C@_0DG@LNNKHJOK@?$BL?$FL0?$DL31m?$FLFATAL?5ERROR?$FN?3?$BL?$FL0m?5?$CFs?4?$BL?$FL@ 0000000180032b28     Logger.obj
 0002:00000b60       ??_C@_06FBPJHOMO@WASAPI@   0000000180032b60     raylib:raudio.obj
 0002:00000b68       ??_C@_0M@LAJMFNGO@DirectSound@ 0000000180032b68     raylib:raudio.obj
 0002:00000b74       ??_C@_05CNPINMME@WinMM@    0000000180032b74     raylib:raudio.obj
 0002:00000b80       ??_C@_0L@JGMMEDPF@Core?5Audio@ 0000000180032b80     raylib:raudio.obj
 0002:00000b8c       ??_C@_05PEKOAPIM@sndio@    0000000180032b8c     raylib:raudio.obj
 0002:00000b98       ??_C@_08PPJMGCMM@audio?$CI4?$CJ@ 0000000180032b98     raylib:raudio.obj
 0002:00000ba4       ??_C@_03OCKAPGPG@OSS@      0000000180032ba4     raylib:raudio.obj
 0002:00000ba8       ??_C@_0L@FJLBALIP@PulseAudio@ 0000000180032ba8     raylib:raudio.obj
 0002:00000bb4       ??_C@_04KBEHADD@ALSA@      0000000180032bb4     raylib:raudio.obj
 0002:00000bbc       ??_C@_04GJGHNCAF@JACK@     0000000180032bbc     raylib:raudio.obj
 0002:00000bc4       ??_C@_06GEPOAPKJ@AAudio@   0000000180032bc4     raylib:raudio.obj
 0002:00000bd0       ??_C@_09BBNCAAJP@OpenSL?$HMES@ 0000000180032bd0     raylib:raudio.obj
 0002:00000be0       ??_C@_09OICLABOM@Web?5Audio@ 0000000180032be0     raylib:raudio.obj
 0002:00000bec       ??_C@_06IFGIOHDE@Custom@   0000000180032bec     raylib:raudio.obj
 0002:00000bf4       ??_C@_04KHKKIIL@Null@      0000000180032bf4     raylib:raudio.obj
 0002:00002e30       ??_C@_0CN@GLFEJILL@?$FLWASAPI?$FN?5Stream?5rerouting?3?5role@ 0000000180034e30     raylib:raudio.obj
 0002:00002e60       ??_C@_0EO@LALDJKEF@?$FLWASAPI?$FN?5Stream?5rerouting?5aband@ 0000000180034e60     raylib:raudio.obj
 0002:00002eb0       ??_C@_0GO@LNKPHPJO@?$FLWASAPI?$FN?5Stream?5rerouting?5aband@ 0000000180034eb0     raylib:raudio.obj
 0002:00002f20       ??_C@_0FC@LEDGJAGM@?$FLWASAPI?$FN?5Stream?5rerouting?5aband@ 0000000180034f20     raylib:raudio.obj
 0002:00002f80       ??_C@_0FH@MPPKKBOB@?$FLWASAPI?$FN?5Stream?5rerouting?5aband@ 0000000180034f80     raylib:raudio.obj
 0002:00002fd8       ??_C@_0BJ@GOJMIGJK@?$DN?$DN?$DN?5CHANGING?5DEVICE?5?$DN?$DN?$DN?6@ 0000000180034fd8     raylib:raudio.obj
 0002:00002ff8       ??_C@_0DL@BEIKBMAL@?$FLWASAPI?$FN?5Reinitializing?5device?5@ 0000000180034ff8     raylib:raudio.obj
 0002:00003038       ??_C@_0BI@OGAKIABA@?$DN?$DN?$DN?5DEVICE?5CHANGED?5?$DN?$DN?$DN?6@ 0000000180035038     raylib:raudio.obj
 0002:00003050       ??_C@_0DA@HGHOAMOI@Failed?5to?5initialize?5data?5suppl@ 0000000180035050     raylib:raudio.obj
 0002:00003080       ??_C@_0DB@JGHGJODM@Failed?5to?5initialize?5data?5suppl@ 0000000180035080     raylib:raudio.obj
 0002:000030c0       ??_C@_0EL@PGAABIHC@Failed?5to?5post?5MA_JOB_TYPE_RESO@ 00000001800350c0     raylib:raudio.obj
 0002:00003110       ??_C@_0DF@LAPOMGNG@Failed?5to?5initialize?5connector?5@ 0000000180035110     raylib:raudio.obj
 0002:00003148       ??_C@_0DA@FEFJLHF@?$FLWASAPI?$FN?5Failed?5to?5create?5IMMDe@ 0000000180035148     raylib:raudio.obj
 0002:00003178       ??_C@_0CI@LBOIKDLO@?$FLWASAPI?$FN?5Failed?5to?5retrieve?5IMM@ 0000000180035178     raylib:raudio.obj
 0002:000031a0       ??_C@_1CK@DGDEDAEA@?$AAV?$AAA?$AAD?$AA?2?$AAP?$AAr?$AAo?$AAc?$AAe?$AAs?$AAs?$AA_?$AAL?$AAo?$AAo@ 00000001800351a0     raylib:raudio.obj
 0002:000031d0       ??_C@_07EEGFLAN@exclude@   00000001800351d0     raylib:raudio.obj
 0002:000031d8       ??_C@_07FHOHOHLG@include@  00000001800351d8     raylib:raudio.obj
 0002:000031e0       ??_C@_0OA@JBHEHAPA@?$FLWASAPI?$FN?5Loopback?5mode?5requeste@ 00000001800351e0     raylib:raudio.obj
 0002:000032c0       ??_C@_00CNPNBAHC@@         00000001800352c0     raylib:raudio.obj
 0002:000032c8       ??_C@_0DA@CFNOLJM@?$FLWASAPI?$FN?5Failed?5to?5find?5best?5de@ 00000001800352c8     raylib:raudio.obj
 0002:000032f8       ??_C@_0CG@EDBPGKJK@?$FLWASAPI?$FN?5Native?5format?5not?5supp@ 00000001800352f8     raylib:raudio.obj
 0002:00003320       ??_C@_0EH@KFGJKIGF@?$FLWASAPI?$FN?5Failed?5to?5initialize?5d@ 0000000180035320     raylib:raudio.obj
 0002:00003370       ??_C@_0EH@DLLIACLE@?$FLWASAPI?$FN?5Failed?5to?5initialize?5d@ 0000000180035370     raylib:raudio.obj
 0002:000033b8       ??_C@_0DI@OPOMAJKI@?$FLWASAPI?$FN?5Failed?5to?5initialize?5d@ 00000001800353b8     raylib:raudio.obj
 0002:000033f0       ??_C@_0FE@JJMEJDDA@?$FLWASAPI?$FN?5Trying?5IAudioClient3_I@ 00000001800353f0     raylib:raudio.obj
 0002:00003448       ??_C@_0BO@GFGEHNPF@?5?5?5?5defaultPeriodInFrames?$DN?$CFd?6@ 0000000180035448     raylib:raudio.obj
 0002:00003468       ??_C@_0CC@MEMBEPAI@?5?5?5?5fundamentalPeriodInFrames?$DN?$CF@ 0000000180035468     raylib:raudio.obj
 0002:00003490       ??_C@_0BK@FOKLGHLI@?5?5?5?5minPeriodInFrames?$DN?$CFd?6@ 0000000180035490     raylib:raudio.obj
 0002:000034b0       ??_C@_0BK@BPLMFIDO@?5?5?5?5maxPeriodInFrames?$DN?$CFd?6@ 00000001800354b0     raylib:raudio.obj
 0002:000034d0       ??_C@_0BO@OKBHMAMK@?$FLWASAPI?$FN?5Using?5IAudioClient3?6@ 00000001800354d0     raylib:raudio.obj
 0002:000034f0       ??_C@_0BO@CENJGFAI@?5?5?5?5periodSizeInFramesOut?$DN?$CFd?6@ 00000001800354f0     raylib:raudio.obj
 0002:00003510       ??_C@_0FK@EFDGOOCK@?$FLWASAPI?$FN?5IAudioClient3_Initiali@ 0000000180035510     raylib:raudio.obj
 0002:00003570       ??_C@_0HJ@KKFNIGDK@?$FLWASAPI?$FN?5Not?5using?5IAudioClient@ 0000000180035570     raylib:raudio.obj
 0002:000035f0       ??_C@_0FI@PFJPKAF@?$FLWASAPI?$FN?5IAudioClient3_GetShare@ 00000001800355f0     raylib:raudio.obj
 0002:00003648       ??_C@_0DF@FBCIMBIG@?$FLWASAPI?$FN?5Failed?5to?5initialize?5d@ 0000000180035648     raylib:raudio.obj
 0002:00003680       ??_C@_0DF@MPPJGLFH@?$FLWASAPI?$FN?5Failed?5to?5initialize?5d@ 0000000180035680     raylib:raudio.obj
 0002:000036b8       ??_C@_0CG@IHEFJHMO@?$FLWASAPI?$FN?5Failed?5to?5initialize?5d@ 00000001800356b8     raylib:raudio.obj
 0002:000036e0       ??_C@_0DK@GFAKEBNI@?$FLWASAPI?$FN?5Failed?5to?5get?5audio?5cl@ 00000001800356e0     raylib:raudio.obj
 0002:00003720       ??_C@_0CN@HFKJNBIK@?$FLWASAPI?$FN?5Failed?5to?5get?5audio?5cl@ 0000000180035720     raylib:raudio.obj
 0002:00003750       ??_C@_03OFAPEBGM@?$CFs?6@  0000000180035750     raylib:raudio.obj
 0002:00003758       ??_C@_0L@GMPLCCII@user32?4dll@ 0000000180035758     raylib:raudio.obj
 0002:00003768       ??_C@_08INEPGKHH@No?5error@ 0000000180035768     raylib:raudio.obj
 0002:00003778       ??_C@_0O@NIPGCINC@Unknown?5error@ 0000000180035778     raylib:raudio.obj
 0002:00003788       ??_C@_0BB@HMGGCEBG@Invalid?5argument@ 0000000180035788     raylib:raudio.obj
 0002:000037a0       ??_C@_0BC@BPINLOPL@Invalid?5operation@ 00000001800357a0     raylib:raudio.obj
 0002:000037b8       ??_C@_0O@NALGGDJF@Out?5of?5memory@ 00000001800357b8     raylib:raudio.obj
 0002:000037c8       ??_C@_0N@OBIJMHDD@Out?5of?5range@ 00000001800357c8     raylib:raudio.obj
 0002:000037d8       ??_C@_0BC@HFNFNKAI@Permission?5denied@ 00000001800357d8     raylib:raudio.obj
 0002:000037f0       ??_C@_0BI@HNEGPPIM@Resource?5does?5not?5exist@ 00000001800357f0     raylib:raudio.obj
 0002:00003808       ??_C@_0BI@JHPCNOHD@Resource?5already?5exists@ 0000000180035808     raylib:raudio.obj
 0002:00003820       ??_C@_0BE@INBJMKGG@Too?5many?5open?5files@ 0000000180035820     raylib:raudio.obj
 0002:00003838       ??_C@_0N@CHPPFJPE@Invalid?5file@ 0000000180035838     raylib:raudio.obj
 0002:00003848       ??_C@_09KGGGMPMJ@Too?5large@ 0000000180035848     raylib:raudio.obj
 0002:00003858       ??_C@_0O@NBIIPPPP@Path?5too?5long@ 0000000180035858     raylib:raudio.obj
 0002:00003868       ??_C@_0O@CGIEAMHJ@Name?5too?5long@ 0000000180035868     raylib:raudio.obj
 0002:00003878       ??_C@_0BA@CJBACOOL@Not?5a?5directory@ 0000000180035878     raylib:raudio.obj
 0002:00003888       ??_C@_0P@NDHGCGKE@Is?5a?5directory@ 0000000180035888     raylib:raudio.obj
 0002:00003898       ??_C@_0BE@ICMCHPHH@Directory?5not?5empty@ 0000000180035898     raylib:raudio.obj
 0002:000038ac       ??_C@_06JOLNHBCH@At?5end@  00000001800358ac     raylib:raudio.obj
 0002:000038b8       ??_C@_0BD@LBOHMFL@No?5space?5available@ 00000001800358b8     raylib:raudio.obj
 0002:000038d0       ??_C@_0BI@PDLELJEJ@Device?5or?5resource?5busy@ 00000001800358d0     raylib:raudio.obj
 0002:000038e8       ??_C@_0BD@KKNFOBBD@Input?1output?5error@ 00000001800358e8     raylib:raudio.obj
 0002:00003900       ??_C@_0M@FOHLFDDH@Interrupted@ 0000000180035900     raylib:raudio.obj
 0002:00003910       ??_C@_0BF@BJLDAKDF@Resource?5unavailable@ 0000000180035910     raylib:raudio.obj
 0002:00003928       ??_C@_0BI@OMICJDDH@Resource?5already?5in?5use@ 0000000180035928     raylib:raudio.obj
 0002:00003940       ??_C@_0M@LOEHLCJD@Bad?5address@ 0000000180035940     raylib:raudio.obj
 0002:00003950       ??_C@_0N@JPKNIBBK@Illegal?5seek@ 0000000180035950     raylib:raudio.obj
 0002:00003960       ??_C@_0M@LHEPIIOM@Broken?5pipe@ 0000000180035960     raylib:raudio.obj
 0002:00003970       ??_C@_08EPDIKHJE@Deadlock@ 0000000180035970     raylib:raudio.obj
 0002:00003980       ??_C@_0P@PKCJJLLM@Too?5many?5links@ 0000000180035980     raylib:raudio.obj
 0002:00003990       ??_C@_0BA@IOJHHLDM@Not?5implemented@ 0000000180035990     raylib:raudio.obj
 0002:000039a0       ??_C@_0BL@LAELPFGP@No?5message?5of?5desired?5type@ 00000001800359a0     raylib:raudio.obj
 0002:000039c0       ??_C@_0BA@KFNEKENE@Invalid?5message@ 00000001800359c0     raylib:raudio.obj
 0002:000039d0       ??_C@_0BC@KDFFMFHA@No?5data?5available@ 00000001800359d0     raylib:raudio.obj
 0002:000039e8       ??_C@_0N@OONCBFLH@Invalid?5data@ 00000001800359e8     raylib:raudio.obj
 0002:000039f8       ??_C@_07MKALMBDJ@Timeout@  00000001800359f8     raylib:raudio.obj
 0002:00003a00       ??_C@_0BE@HEJECDGI@Network?5unavailable@ 0000000180035a00     raylib:raudio.obj
 0002:00003a18       ??_C@_0L@OFCMKFLC@Not?5unique@ 0000000180035a18     raylib:raudio.obj
 0002:00003a28       ??_C@_0BP@MCCLAMPH@Socket?5operation?5on?5non?9socket@ 0000000180035a28     raylib:raudio.obj
 0002:00003a48       ??_C@_0BN@HFCIEIME@Destination?5address?5required@ 0000000180035a48     raylib:raudio.obj
 0002:00003a68       ??_C@_0BP@PDKJLOAE@Protocol?5wrong?5type?5for?5socket@ 0000000180035a68     raylib:raudio.obj
 0002:00003a88       ??_C@_0BH@HPHKDMA@Protocol?5not?5available@ 0000000180035a88     raylib:raudio.obj
 0002:00003aa0       ??_C@_0BH@JNBKLLAJ@Protocol?5not?5supported@ 0000000180035aa0     raylib:raudio.obj
 0002:00003ab8       ??_C@_0BO@EBCCBLCJ@Protocol?5family?5not?5supported@ 0000000180035ab8     raylib:raudio.obj
 0002:00003ad8       ??_C@_0BN@GMEBDOHK@Address?5family?5not?5supported@ 0000000180035ad8     raylib:raudio.obj
 0002:00003af8       ??_C@_0BK@LMAIHBL@Socket?5type?5not?5supported@ 0000000180035af8     raylib:raudio.obj
 0002:00003b18       ??_C@_0BB@KKIOKPBC@Connection?5reset@ 0000000180035b18     raylib:raudio.obj
 0002:00003b30       ??_C@_0BC@GIMHDJLL@Already?5connected@ 0000000180035b30     raylib:raudio.obj
 0002:00003b48       ??_C@_0O@KGKMGJJO@Not?5connected@ 0000000180035b48     raylib:raudio.obj
 0002:00003b58       ??_C@_0BD@NPDMPPFP@Connection?5refused@ 0000000180035b58     raylib:raudio.obj
 0002:00003b70       ??_C@_07LHLHIFB@No?5host@  0000000180035b70     raylib:raudio.obj
 0002:00003b78       ??_C@_0BG@CLDIHNON@Operation?5in?5progress@ 0000000180035b78     raylib:raudio.obj
 0002:00003b90       ??_C@_0BE@BBLFCLHJ@Operation?5cancelled@ 0000000180035b90     raylib:raudio.obj
 0002:00003ba8       ??_C@_0BG@MBKCNJFN@Memory?5already?5mapped@ 0000000180035ba8     raylib:raudio.obj
 0002:00003bc0       ??_C@_0BF@HJHAIIOJ@Format?5not?5supported@ 0000000180035bc0     raylib:raudio.obj
 0002:00003bd8       ??_C@_0BK@BJCNIOPB@Device?5type?5not?5supported@ 0000000180035bd8     raylib:raudio.obj
 0002:00003bf8       ??_C@_0BJ@BIBIEOCJ@Share?5mode?5not?5supported@ 0000000180035bf8     raylib:raudio.obj
 0002:00003c18       ??_C@_0L@CCPGDFCD@No?5backend@ 0000000180035c18     raylib:raudio.obj
 0002:00003c28       ??_C@_09KDMNDNNL@No?5device@ 0000000180035c28     raylib:raudio.obj
 0002:00003c38       ??_C@_0O@KBILGNME@API?5not?5found@ 0000000180035c38     raylib:raudio.obj
 0002:00003c48       ??_C@_0BG@FNFGHBMM@Invalid?5device?5config@ 0000000180035c48     raylib:raudio.obj
 0002:00003c60       ??_C@_0BH@FHMDNNJP@Device?5not?5initialized@ 0000000180035c60     raylib:raudio.obj
 0002:00003c78       ??_C@_0BD@ODNBOGPF@Device?5not?5started@ 0000000180035c78     raylib:raudio.obj
 0002:00003c90       ??_C@_0BN@MEHNPMIC@Failed?5to?5initialize?5backend@ 0000000180035c90     raylib:raudio.obj
 0002:00003cb0       ??_C@_0BO@IPCLLKLM@Failed?5to?5open?5backend?5device@ 0000000180035cb0     raylib:raudio.obj
 0002:00003cd0       ??_C@_0BP@FABNFPJK@Failed?5to?5start?5backend?5device@ 0000000180035cd0     raylib:raudio.obj
 0002:00003cf0       ??_C@_0BO@BBEDIFPE@Failed?5to?5stop?5backend?5device@ 0000000180035cf0     raylib:raudio.obj
 0002:00003d10       ??_C@_0BP@BPBOEOEL@Failed?5to?5load?5file?5?$CC?$CFs?$CC?4?5?$CFs?4?6@ 0000000180035d10     raylib:raudio.obj
 0002:00003d30       ??_C@_0CA@EOFPBNAF@Failed?5to?5load?5file?5?$CC?$CFls?$CC?4?5?$CFs?4?6@ 0000000180035d30     raylib:raudio.obj
 0002:00003d50       ??_C@_0EF@DGHFJHOJ@Failed?5to?5retrieve?5data?5buffer?5@ 0000000180035d50     raylib:raudio.obj
 0002:00003d98       ??_C@_0DF@PGBOEIAK@Unexpected?5data?5supply?5type?5?$CI?$CFd@ 0000000180035d98     raylib:raudio.obj
 0002:00003dd0       ??_C@_0EM@KKNHBNBL@Failed?5to?5post?5MA_JOB_TYPE_RESO@ 0000000180035dd0     raylib:raudio.obj
 0002:00003e1c       __real@34000000            0000000180035e1c     raylib:raudio.obj
 0002:00003e20       __real@38000000            0000000180035e20     raylib:raudio.obj
 0002:00003e24       __real@38000100            0000000180035e24     raylib:raudio.obj
 0002:00003e28       __real@3a83126f            0000000180035e28     raylib:raudio.obj
 0002:00003e2c       __real@3c008081            0000000180035e2c     raylib:raudio.obj
 0002:00003e30       __real@3c010204            0000000180035e30     raylib:raudio.obj
 0002:00003e38       __real@3e00000000000000    0000000180035e38     raylib:raudio.obj
 0002:00003e40       __real@3e4ccccd            0000000180035e40     raylib:raudio.obj
 0002:00003e48       __real@3fe6a09edbf8b9bb    0000000180035e48     raylib:raudio.obj
 0002:00003e50       __real@3ff0147ae147ae14    0000000180035e50     raylib:raudio.obj
 0002:00003e58       __real@3ff921fb54442d18    0000000180035e58     raylib:raudio.obj
 0002:00003e60       __real@400921fb54442d18    0000000180035e60     raylib:raudio.obj
 0002:00003e68       __real@401921fb54442d18    0000000180035e68     raylib:raudio.obj
 0002:00003e70       __real@4024000000000000    0000000180035e70     raylib:raudio.obj
 0002:00003e78       __real@4034000000000000    0000000180035e78     raylib:raudio.obj
 0002:00003e80       __real@40c90fda            0000000180035e80     raylib:raudio.obj
 0002:00003e88       __real@40d0000000000000    0000000180035e88     raylib:raudio.obj
 0002:00003e90       __real@416312d000000000    0000000180035e90     raylib:raudio.obj
 0002:00003e98       __real@41dfffffffc00000    0000000180035e98     raylib:raudio.obj
 0002:00003ea0       __real@42ff0000            0000000180035ea0     raylib:raudio.obj
 0002:00003ea4       __real@437f0000            0000000180035ea4     raylib:raudio.obj
 0002:00003ea8       __real@43800000            0000000180035ea8     raylib:raudio.obj
 0002:00003eb0       __real@43e0000000000000    0000000180035eb0     raylib:raudio.obj
 0002:00003eb8       __real@447a0000            0000000180035eb8     raylib:raudio.obj
 0002:00003ebc       __real@45800000            0000000180035ebc     raylib:raudio.obj
 0002:00003ec0       __real@46fffe00            0000000180035ec0     raylib:raudio.obj
 0002:00003ec4       __real@4afffffe            0000000180035ec4     raylib:raudio.obj
 0002:00003ec8       __real@7f7fffff            0000000180035ec8     raylib:raudio.obj
 0002:00003ecc       __real@b8000000            0000000180035ecc     raylib:raudio.obj
 0002:00003ed0       __real@bc000000            0000000180035ed0     raylib:raudio.obj
 0002:00003ed4       __real@bf800000            0000000180035ed4     raylib:raudio.obj
 0002:00003ed8       __real@bff0000000000000    0000000180035ed8     raylib:raudio.obj
 0002:00003ee0       __real@c000000000000000    0000000180035ee0     raylib:raudio.obj
 0002:00003ee8       __real@c01921fb54442d18    0000000180035ee8     raylib:raudio.obj
 0002:00003ef0       __xmm@0000007f0000007f0000007f0000007f 0000000180035ef0     raylib:raudio.obj
 0002:00003f00       __xmm@00000080000000800000008000000080 0000000180035f00     raylib:raudio.obj
 0002:00003f10       __xmm@00800080008000800080008000800080 0000000180035f10     raylib:raudio.obj
 0002:00003f20       __xmm@00ff00ff00ff00ff00ff00ff00ff00ff 0000000180035f20     raylib:raudio.obj
 0002:00003f30       __xmm@38000000380000003800000038000000 0000000180035f30     raylib:raudio.obj
 0002:00003f40       __xmm@3c0080813c0080813c0080813c008081 0000000180035f40     raylib:raudio.obj
 0002:00003f50       __xmm@3e000000000000003e00000000000000 0000000180035f50     raylib:raudio.obj
 0002:00003f60       __xmm@3f8000003f8000003f8000003f800000 0000000180035f60     raylib:raudio.obj
 0002:00003f70       __xmm@3ff00000000000003ff0000000000000 0000000180035f70     raylib:raudio.obj
 0002:00003f80       __xmm@41dfffffffc0000041dfffffffc00000 0000000180035f80     raylib:raudio.obj
 0002:00003f90       __xmm@46fffe0046fffe0046fffe0046fffe00 0000000180035f90     raylib:raudio.obj
 0002:00003fa0       __xmm@7fffffffffffffff7fffffffffffffff 0000000180035fa0     raylib:raudio.obj
 0002:00003fb0       __xmm@80000000000000008000000000000000 0000000180035fb0     raylib:raudio.obj
 0002:00003fc0       __xmm@80000000800000008000000080000000 0000000180035fc0     raylib:raudio.obj
 0002:00003fd0       __xmm@80808080808080808080808080808080 0000000180035fd0     raylib:raudio.obj
 0002:00003fe0       __xmm@bf800000bf800000bf800000bf800000 0000000180035fe0     raylib:raudio.obj
 0002:00003ff0       __xmm@bff0000000000000bff0000000000000 0000000180035ff0     raylib:raudio.obj
 0002:00004000       __xmm@ffffff80ffffff80ffffff80ffffff80 0000000180036000     raylib:raudio.obj
 0002:00004010       ??_C@_03DBBAOGEJ@4?45@     0000000180036010     raylib:rcore.obj
 0002:000044f0       ??_C@_07IBAPPAHJ@glClear@  00000001800364f0     raylib:rcore.obj
 0002:000044f8       ??_C@_0O@DHHDCCLF@glGetIntegerv@ 00000001800364f8     raylib:rcore.obj
 0002:00004508       ??_C@_0M@OPOBFDCB@glGetString@ 0000000180036508     raylib:rcore.obj
 0002:00004518       ??_C@_0N@PILJCBOD@glGetStringi@ 0000000180036518     raylib:rcore.obj
 0002:00004528       ??_C@_0BF@CJMIIMBG@GL_ARB_compatibility@ 0000000180036528     raylib:rcore.obj
 0002:00004540       ??_C@_0BE@OHIPHHMJ@GL_ARB_debug_output@ 0000000180036540     raylib:rcore.obj
 0002:00004558       ??_C@_0O@ENGHJHNB@OpenGL?5ES?9CM?5@ 0000000180036558     raylib:rcore.obj
 0002:00004568       ??_C@_0O@EMKFPNOG@OpenGL?5ES?9CL?5@ 0000000180036568     raylib:rcore.obj
 0002:00004578       ??_C@_0L@JLFHOCGA@OpenGL?5ES?5@ 0000000180036578     raylib:rcore.obj
 0002:00004588       __real@408f400000000000    0000000180036588     raylib:rcore.obj
 0002:00004590       __xmm@7fffffff7fffffff7fffffff7fffffff 0000000180036590     raylib:rcore.obj
 0002:000045a0       __xmm@ffffffffffffffffffffffffffffffff 00000001800365a0     raylib:rcore.obj
 0002:00005f30       __real@40c00000            0000000180037f30     raylib:rtextures.obj
 0002:00005f34       __real@41900000            0000000180037f34     raylib:rtextures.obj
 0002:00005f38       __real@41a80000            0000000180037f38     raylib:rtextures.obj
 0002:00005f3c       __real@42000000            0000000180037f3c     raylib:rtextures.obj
 0002:00005f40       __real@42100000            0000000180037f40     raylib:rtextures.obj
 0002:00005f44       __real@42700000            0000000180037f44     raylib:rtextures.obj
 0002:00006020       ??_C@_0BCA@ONDOMIFC@03000000300f00000a0100000000000@ 0000000180038020     raylib:rglfw.obj
 0002:00006140       ??_C@_0HJ@JHOMOKB@03000000fa2d0000010000000000000@ 0000000180038140     raylib:rglfw.obj
 0002:000061c0       ??_C@_0BBE@CJKJIAEI@03000000d0160000040d00000000000@ 00000001800381c0     raylib:rglfw.obj
 0002:000062e0       ??_C@_0BBE@DNKHNAIG@03000000d0160000050d00000000000@ 00000001800382e0     raylib:rglfw.obj
 0002:00006400       ??_C@_0BBE@BLFCBNE@03000000d0160000060d00000000000@ 0000000180038400     raylib:rglfw.obj
 0002:00006520       ??_C@_0BBE@BFLLHBBK@03000000d0160000070d00000000000@ 0000000180038520     raylib:rglfw.obj
 0002:00006640       ??_C@_0BBE@JFMLAIAO@03000000d0160000600a00000000000@ 0000000180038640     raylib:rglfw.obj
 0002:00006760       ??_C@_0BCE@MDJPAOGF@03000000c82d0000003100000000000@ 0000000180038760     raylib:rglfw.obj
 0002:00006890       ??_C@_0BCG@OLPAHAHO@03000000c82d0000053100000000000@ 0000000180038890     raylib:rglfw.obj
 0002:000069c0       ??_C@_0LE@CACHEBGA@03000000c82d0000095100000000000@ 00000001800389c0     raylib:rglfw.obj
 0002:00006a80       ??_C@_0PK@DJMJJPAE@0300000000800000021000000000000@ 0000000180038a80     raylib:rglfw.obj
 0002:00006b80       ??_C@_0BCF@KGCMLNGF@030000003512000011ab00000000000@ 0000000180038b80     raylib:rglfw.obj
 0002:00006cb0       ??_C@_0KI@IFGFLEPA@03000000c82d0000102800000000000@ 0000000180038cb0     raylib:rglfw.obj
 0002:00006d60       ??_C@_0BDA@HEOKBJND@03000000c82d000011ab00000000000@ 0000000180038d60     raylib:rglfw.obj
 0002:00006e90       ??_C@_0BAH@JEGJOBCG@0300000080100000090000000000000@ 0000000180038e90     raylib:rglfw.obj
 0002:00006fa0       ??_C@_0BCE@CFNIKJCA@03000000c82d0000103800000000000@ 0000000180038fa0     raylib:rglfw.obj
 0002:000070d0       ??_C@_0BCF@MBPBHECE@03000000c82d0000009000000000000@ 00000001800390d0     raylib:rglfw.obj
 0002:00007200       ??_C@_0BCE@GDELBOBM@03000000c82d0000125100000000000@ 0000000180039200     raylib:rglfw.obj
 0002:00007330       ??_C@_0BCF@HDNHLODJ@03000000c82d0000115100000000000@ 0000000180039330     raylib:rglfw.obj
 0002:00007460       ??_C@_0NL@JFGCLDMC@03000000c82d0000015000000000000@ 0000000180039460     raylib:rglfw.obj
 0002:00007540       ??_C@_0NL@OAJPCJDH@03000000c82d0000015100000000000@ 0000000180039540     raylib:rglfw.obj
 0002:00007620       ??_C@_0OP@JIIIAIKK@03000000c82d0000065000000000000@ 0000000180039620     raylib:rglfw.obj
 0002:00007710       ??_C@_0NJ@HEMPIJCJ@03000000c82d0000510600000000000@ 0000000180039710     raylib:rglfw.obj
 0002:000077f0       ??_C@_0MH@JBIEFOEI@03000000c82d0000031000000000000@ 00000001800397f0     raylib:rglfw.obj
 0002:000078c0       ??_C@_0LA@BDKKHEJH@03000000c82d0000045100000000000@ 00000001800398c0     raylib:rglfw.obj
 0002:00007970       ??_C@_0BCA@OLMCGDIA@03000000c82d0000202800000000000@ 0000000180039970     raylib:rglfw.obj
 0002:00007a90       ??_C@_0MH@GNCKGMLL@03000000c82d0000801000000000000@ 0000000180039a90     raylib:rglfw.obj
 0002:00007b60       ??_C@_0JK@KHPLHDON@03000000c82d0000e00200000000000@ 0000000180039b60     raylib:rglfw.obj
 0002:00007c00       ??_C@_0BCE@CONCKJMB@03000000c82d0000019000000000000@ 0000000180039c00     raylib:rglfw.obj
 0002:00007d30       ??_C@_0BCG@EICBBMKF@03000000c82d0000159000000000000@ 0000000180039d30     raylib:rglfw.obj
 0002:00007e60       ??_C@_0BCG@FGNJGHJF@03000000c82d0000652800000000000@ 0000000180039e60     raylib:rglfw.obj
 0002:00007f90       ??_C@_0PA@MELFOJKN@03000000c82d0000029000000000000@ 0000000180039f90     raylib:rglfw.obj
 0002:00008080       ??_C@_0PA@JPAEHNPC@03000000c82d0000303800000000000@ 000000018003a080     raylib:rglfw.obj
[...]
 0002:0003e4f4       $chain$0$loadLibraries     00000001800704f4     raylib:rglfw.obj
 0002:0003e508       $chain$1$loadLibraries     0000000180070508     raylib:rglfw.obj
 0002:0003e518       $unwind$helperWindowProc   0000000180070518     raylib:rglfw.obj
 0002:0003e528       $chain$1$helperWindowProc  0000000180070528     raylib:rglfw.obj
 0002:0003e540       $chain$2$helperWindowProc  0000000180070540     raylib:rglfw.obj
 0002:0003e550       $unwind$monitorCallback    0000000180070550     raylib:rglfw.obj
 0002:0003e568       $unwind$createMonitor      0000000180070568     raylib:rglfw.obj
 0002:0003e580       $chain$0$createMonitor     0000000180070580     raylib:rglfw.obj
 0002:0003e594       $chain$1$createMonitor     0000000180070594     raylib:rglfw.obj
 0002:0003e5a8       $chain$4$createMonitor     00000001800705a8     raylib:rglfw.obj
 0002:0003e5c4       $chain$5$createMonitor     00000001800705c4     raylib:rglfw.obj
 0002:0003e5d8       $chain$6$createMonitor     00000001800705d8     raylib:rglfw.obj
 0002:0003e5e8       $chain$7$createMonitor     00000001800705e8     raylib:rglfw.obj
 0002:0003e5fc       $chain$8$createMonitor     00000001800705fc     raylib:rglfw.obj
 0002:0003e610       $chain$9$createMonitor     0000000180070610     raylib:rglfw.obj
 0002:0003e620       $unwind$chooseImage        0000000180070620     raylib:rglfw.obj
 0002:0003e62c       $chain$0$chooseImage       000000018007062c     raylib:rglfw.obj
 0002:0003e640       $chain$1$chooseImage       0000000180070640     raylib:rglfw.obj
 0002:0003e650       $unwind$createIcon         0000000180070650     raylib:rglfw.obj
 0002:0003e670       $unwind$applyAspectRatio   0000000180070670     raylib:rglfw.obj
 0002:0003e688       $chain$3$applyAspectRatio  0000000180070688     raylib:rglfw.obj
 0002:0003e6a8       $chain$4$applyAspectRatio  00000001800706a8     raylib:rglfw.obj
 0002:0003e6c4       $chain$5$applyAspectRatio  00000001800706c4     raylib:rglfw.obj
 0002:0003e6d4       $unwind$captureCursor      00000001800706d4     raylib:rglfw.obj
 0002:0003e6e4       $unwind$cursorInContentArea 00000001800706e4     raylib:rglfw.obj
 0002:0003e6f8       $unwind$updateWindowStyles 00000001800706f8     raylib:rglfw.obj
 0002:0003e710       $unwind$updateFramebufferTransparency 0000000180070710     raylib:rglfw.obj
 0002:0003e718       $chain$0$updateFramebufferTransparency 0000000180070718     raylib:rglfw.obj
 0002:0003e72c       $chain$1$updateFramebufferTransparency 000000018007072c     raylib:rglfw.obj
 0002:0003e73c       $unwind$fitToMonitor       000000018007073c     raylib:rglfw.obj
 0002:0003e74c       $unwind$windowProc         000000018007074c     raylib:rglfw.obj
 0002:0003e768       $chain$3$windowProc        0000000180070768     raylib:rglfw.obj
 0002:0003e788       $chain$4$windowProc        0000000180070788     raylib:rglfw.obj
 0002:0003e798       $unwind$createNativeWindow 0000000180070798     raylib:rglfw.obj
 0002:0003e7bc       $unwind$supportsXInput     00000001800707bc     raylib:rglfw.obj
 0002:0003e7dc       $chain$0$supportsXInput    00000001800707dc     raylib:rglfw.obj
 0002:0003e7f0       $chain$1$supportsXInput    00000001800707f0     raylib:rglfw.obj
 0002:0003e800       $unwind$deviceObjectCallback 0000000180070800     raylib:rglfw.obj
 0002:0003e818       $unwind$deviceCallback     0000000180070818     raylib:rglfw.obj
 0002:0003e838       $chain$1$deviceCallback    0000000180070838     raylib:rglfw.obj
 0002:0003e84c       $chain$2$deviceCallback    000000018007084c     raylib:rglfw.obj
 0002:0003e85c       $unwind$findPixelFormatAttribValueWGL 000000018007085c     raylib:rglfw.obj
 0002:0003e86c       $unwind$choosePixelFormatWGL 000000018007086c     raylib:rglfw.obj
 0002:0003e888       $chain$1$choosePixelFormatWGL 0000000180070888     raylib:rglfw.obj
 0002:0003e8a0       $unwind$swapBuffersWGL     00000001800708a0     raylib:rglfw.obj
 0002:0003e8a8       $chain$0$swapBuffersWGL    00000001800708a8     raylib:rglfw.obj
 0002:0003e8bc       $chain$1$swapBuffersWGL    00000001800708bc     raylib:rglfw.obj
 0002:0003e8cc       $chain$0$swapIntervalWGL   00000001800708cc     raylib:rglfw.obj
 0002:0003e8e0       $chain$1$swapIntervalWGL   00000001800708e0     raylib:rglfw.obj
 0002:0003e8f0       $unwind$chooseEGLConfig    00000001800708f0     raylib:rglfw.obj
 0002:0003e904       $chain$4$chooseEGLConfig   0000000180070904     raylib:rglfw.obj
 0002:0003e924       $chain$5$chooseEGLConfig   0000000180070924     raylib:rglfw.obj
 0002:0003e940       $chain$6$chooseEGLConfig   0000000180070940     raylib:rglfw.obj
 0002:0003e958       $chain$0$makeContextCurrentOSMesa 0000000180070958     raylib:rglfw.obj
 0002:0003e96c       $chain$1$makeContextCurrentOSMesa 000000018007096c     raylib:rglfw.obj
 0002:0003e980       $xdatasym                  0000000180070980     msvcrt:amdsecgs.obj
 0002:0003e984       $unwind$?dllmain_crt_process_attach@@YAHQEAUHINSTANCE__@@QEAX@Z 0000000180070984     msvcrt:dll_dllmain.obj
 0002:0003e9c0       $unwind$?fin$0@?0??dllmain_crt_process_attach@@YAHQEAUHINSTANCE__@@QEAX@Z@4HA 00000001800709c0     msvcrt:dll_dllmain.obj
 0002:0003e9c0       $unwind$?fin$0@?0??dllmain_crt_process_detach@@YAH_N@Z@4HA 00000001800709c0     msvcrt:dll_dllmain.obj
 0002:0003e9c0       $unwind$?fin$1@?0??dllmain_crt_process_detach@@YAH_N@Z@4HA 00000001800709c0     msvcrt:dll_dllmain.obj
 0002:0003e9c8       $unwind$?dllmain_crt_process_detach@@YAH_N@Z 00000001800709c8     msvcrt:dll_dllmain.obj
 0002:0003ea1c       $unwind$?dllmain_dispatch@@YAHQEAUHINSTANCE__@@KQEAX@Z 0000000180070a1c     msvcrt:dll_dllmain.obj
 0002:0003ea44       $unwind$?filt$0@?0??dllmain_dispatch@@YAHQEAUHINSTANCE__@@KQEAX@Z@4HA 0000000180070a44     msvcrt:dll_dllmain.obj
 0002:0003ea4c       $unwind$__report_gsfailure 0000000180070a4c     msvcrt:gs_report.obj
 0002:0003ea58       $xdatasym                  0000000180070a58     msvcrt:chkstk.obj
 0002:0003ea60       $unwind$__isa_available_init 0000000180070a60     msvcrt:cpu_disp.obj
 0002:0003ea70       $unwind$__security_init_cookie 0000000180070a70     msvcrt:gs_support.obj
 0002:0003ea7c       $unwind$__scrt_is_nonwritable_in_current_image 0000000180070a7c     msvcrt:utility.obj
 0002:0003ea9c       $unwind$__scrt_is_nonwritable_in_current_image$filt$0 0000000180070a9c     msvcrt:utility.obj
 0002:0003eaa4       $unwind$__scrt_fastfail    0000000180070aa4     msvcrt:utility_desktop.obj
 0002:0003eab8       $xdatasym                  0000000180070ab8     msvcrt:guard_dispatch.obj
 0002:0003eac0       $xdatasym                  0000000180070ac0     msvcrt:guard_xfg_dispatch.obj
 0002:0003ead0       .edata                     0000000180070ad0     Game.exp
 0002:0003eaf8       rgpv                       0000000180070af8     Game.exp
 0002:0003eb0c       rgszName                   0000000180070b0c     Game.exp
 0002:0003eb20       rgwOrd                     0000000180070b20     Game.exp
 0002:0003eb2a       szName                     0000000180070b2a     Game.exp
 0002:0003eb33       $N00001                    0000000180070b33     Game.exp
 0002:0003eb3d       $N00002                    0000000180070b3d     Game.exp
 0002:0003eb46       $N00003                    0000000180070b46     Game.exp
 0002:0003eb58       $N00004                    0000000180070b58     Game.exp
 0002:0003eb60       $N00005                    0000000180070b60     Game.exp
 0002:0003f352       .idata$6                   0000000180071352     gdi32:GDI32.dll
 0002:0003f910       .idata$6                   0000000180071910     user32:USER32.dll
 0002:0003f960       .idata$6                   0000000180071960     shell32:SHELL32.dll
 0002:0003fcf8       .idata$6                   0000000180071cf8     kernel32:KERNEL32.dll
 0002:0003fd66       .idata$6                   0000000180071d66     vcruntime:VCRUNTIME140.dll
 0002:0003ff4a       .idata$6                   0000000180071f4a     ucrt:api-ms-win-crt-heap-l1-1-0.dll
 0002:0003ff6a       .idata$6                   0000000180071f6a     ucrt:api-ms-win-crt-string-l1-1-0.dll
 0002:0003ff8c       .idata$6                   0000000180071f8c     ucrt:api-ms-win-crt-stdio-l1-1-0.dll
 0002:0003ffac       .idata$6                   0000000180071fac     ucrt:api-ms-win-crt-runtime-l1-1-0.dll
 0002:0003ffce       .idata$6                   0000000180071fce     ucrt:api-ms-win-crt-utility-l1-1-0.dll
 0002:0003fff0       .idata$6                   0000000180071ff0     ucrt:api-ms-win-crt-math-l1-1-0.dll
 0003:00000110       g_maStandardSampleRatePriorities 0000000180073110     raylib:raudio.obj
 0003:00000148       g_maFormatPriorities       0000000180073148     raylib:raudio.obj
 0003:0000015c       g_maLCG                    000000018007315c     raylib:raudio.obj
 0003:00000160       g_jobVTable                0000000180073160     raylib:raudio.obj
 0003:000001c0       gBackendInfo               00000001800731c0     raylib:raudio.obj
 0003:000002b0       g_maNotificationCientVtbl  00000001800732b0     raylib:raudio.obj
 0003:000002f0       g_maChannelDirections      00000001800732f0     raylib:raudio.obj
 0003:00000560       g_ma_linear_resampler_vtable 0000000180073560     raylib:raudio.obj
 0003:000005b0       g_maChannelPlaneRatios     00000001800735b0     raylib:raudio.obj
 0003:00000a90       g_ma_audio_buffer_ref_data_source_vtable 0000000180073a90     raylib:raudio.obj
 0003:00000ac8       g_ma_paged_audio_buffer_data_source_vtable 0000000180073ac8     raylib:raudio.obj
 0003:00000b00       g_ma_decoder_data_source_vtable 0000000180073b00     raylib:raudio.obj
 0003:00000b38       g_ma_waveform_data_source_vtable 0000000180073b38     raylib:raudio.obj
 0003:00000b70       g_ma_noise_data_source_vtable 0000000180073b70     raylib:raudio.obj
 0003:00000ba8       g_ma_resource_manager_data_buffer_vtable 0000000180073ba8     raylib:raudio.obj
 0003:00000be0       g_ma_resource_manager_data_stream_vtable 0000000180073be0     raylib:raudio.obj
 0003:00000c18       g_node_graph_node_vtable   0000000180073c18     raylib:raudio.obj
 0003:00000c30       g_node_graph_endpoint_vtable 0000000180073c30     raylib:raudio.obj
 0003:00000c48       g_ma_data_source_node_vtable 0000000180073c48     raylib:raudio.obj
 0003:00000c60       g_ma_splitter_node_vtable  0000000180073c60     raylib:raudio.obj
 0003:00000c78       g_ma_biquad_node_vtable    0000000180073c78     raylib:raudio.obj
 0003:00000c90       g_ma_lpf_node_vtable       0000000180073c90     raylib:raudio.obj
 0003:00000ca8       g_ma_hpf_node_vtable       0000000180073ca8     raylib:raudio.obj
 0003:00000cc0       g_ma_bpf_node_vtable       0000000180073cc0     raylib:raudio.obj
 0003:00000cd8       g_ma_notch_node_vtable     0000000180073cd8     raylib:raudio.obj
 0003:00000cf0       g_ma_peak_node_vtable      0000000180073cf0     raylib:raudio.obj
 0003:00000d08       g_ma_loshelf_node_vtable   0000000180073d08     raylib:raudio.obj
 0003:00000d20       g_ma_hishelf_node_vtable   0000000180073d20     raylib:raudio.obj
 0003:00000d38       g_ma_delay_node_vtable     0000000180073d38     raylib:raudio.obj
 0003:00000d50       g_ma_engine_node_vtable__sound 0000000180073d50     raylib:raudio.obj
 0003:00000d68       g_ma_engine_node_vtable__group 0000000180073d68     raylib:raudio.obj
 0003:00000d80       ?adaptationTable@?BA@??drwav_read_pcm_frames_s16__msadpcm@@9@9 0000000180073d80     raylib:raudio.obj
 0003:00000dc0       ?coeff1Table@?BA@??drwav_read_pcm_frames_s16__msadpcm@@9@9 0000000180073dc0     raylib:raudio.obj
 0003:00000ddc       ogg_page_header            0000000180073ddc     raylib:raudio.obj
 0003:00000de0       ?coeff2Table@?BA@??drwav_read_pcm_frames_s16__msadpcm@@9@9 0000000180073de0     raylib:raudio.obj
 0003:00000dfc       ?next_rand@?1??jar_xm_waveform@@9@9 0000000180073dfc     raylib:raudio.obj
 0003:00000e00       ?indexTable@?1??drwav_read_pcm_frames_s16__ima@@9@9 0000000180073e00     raylib:raudio.obj
 0003:00000e40       ?stepTable@?1??drwav_read_pcm_frames_s16__ima@@9@9 0000000180073e40     raylib:raudio.obj
 0003:00000fa4       ?vorbis@?1??vorbis_validate@@9@9 0000000180073fa4     raylib:raudio.obj
 0003:00000fb0       g_drwavAlawTable           0000000180073fb0     raylib:raudio.obj
 0003:000011b0       g_drwavMulawTable          00000001800741b0     raylib:raudio.obj
 0003:000013b0       ?log2_4@?1??ilog@@9@9      00000001800743b0     raylib:raudio.obj
 0003:000013c0       inverse_db_table           00000001800743c0     raylib:raudio.obj
 0003:000017c0       ?range_list@?6??vorbis_decode_packet_rest@@9@9 00000001800747c0     raylib:raudio.obj
 0003:000017d0       channel_position           00000001800747d0     raylib:raudio.obj
 0003:00001800       ?channel_selector@?2??convert_samples_short@@9@9 0000000180074800     raylib:raudio.obj
 0003:00001820       qoa_quant_tab              0000000180074820     raylib:raudio.obj
 0003:00001870       qoa_reciprocal_tab         0000000180074870     raylib:raudio.obj
 0003:000018b0       qoa_dequant_tab            00000001800748b0     raylib:raudio.obj
 0003:00001ab0       logTypeLevel               0000000180074ab0     raylib:utils.obj
 0003:00001ad0       GESTURES                   0000000180074ad0     raylib:rcore.obj
 0003:00001b9c       stbi__l2h_gamma            0000000180074b9c     raylib:rtextures.obj
 0003:00001ba0       stbi__stdio_callbacks      0000000180074ba0     raylib:rtextures.obj
 0003:00001bb8       stbi__l2h_scale            0000000180074bb8     raylib:rtextures.obj
 0003:00001bbc       stbi__h2l_gamma_i          0000000180074bbc     raylib:rtextures.obj
 0003:00001bc0       stbi__h2l_scale_i          0000000180074bc0     raylib:rtextures.obj
 0003:00001bc4       first_row_filter           0000000180074bc4     raylib:rtextures.obj
 0003:00001bd0       ?invalid_chunk@?BP@??stbi__parse_png_file@@9@9 0000000180074bd0     raylib:rtextures.obj
 0003:00001bec       stbir__type_size           0000000180074bec     raylib:rtextures.obj
 0003:00001bf0       ?lengthc@?1??stbi_zlib_compress@@9@9 0000000180074bf0     raylib:rtextures.obj
 0003:00001c30       ?lengtheb@?1??stbi_zlib_compress@@9@9 0000000180074c30     raylib:rtextures.obj
 0003:00001c50       ?distc@?1??stbi_zlib_compress@@9@9 0000000180074c50     raylib:rtextures.obj
 0003:00001c90       ?disteb@?1??stbi_zlib_compress@@9@9 0000000180074c90     raylib:rtextures.obj
 0003:00001cb0       ?crc_table@?1??stbiw__crc32@@9@9 0000000180074cb0     raylib:rtextures.obj
 0003:000020b0       ?mapping@?1??stbiw__encode_png_line@@9@9 00000001800750b0     raylib:rtextures.obj
 0003:000020c8       ?firstmap@?1??stbiw__encode_png_line@@9@9 00000001800750c8     raylib:rtextures.obj
 0003:000020e0       stb__perlin_randtab        00000001800750e0     raylib:rtextures.obj
 0003:000022e0       stb__perlin_randtab_grad_idx 00000001800752e0     raylib:rtextures.obj
 0003:000024e0       ?basis@?1??stb__perlin_grad@@9@9 00000001800754e0     raylib:rtextures.obj
 0003:000025a0       stbir__srgb_uchar_to_linear_float 00000001800755a0     raylib:rtextures.obj
 0003:000029a0       stbir__filter_info_table   00000001800759a0     raylib:rtextures.obj
 0003:00002a00       _glfwObjectDataFormats     0000000180075a00     raylib:rglfw.obj
 0003:000045a8       _glfwInitHints             00000001800775a8     raylib:rglfw.obj
 0003:00004638       last_tick                  0000000180077638     Game.obj
 0003:00004640       g_ma_TimerFrequency        0000000180077640     raylib:raudio.obj
 0003:00004648       ?nullguid@?1??ma_is_guid_null@@9@9 0000000180077648     raylib:raudio.obj
 0003:00004660       crc_table                  0000000180077660     raylib:raudio.obj
 0003:00004a60       AUDIO                      0000000180077a60     raylib:raudio.obj
 0003:00005a08       traceLog                   0000000180078a08     raylib:utils.obj
 0003:00005a10       loadFileData               0000000180078a10     raylib:utils.obj
 0003:00005a18       saveFileData               0000000180078a18     raylib:utils.obj
 0003:00005a20       loadFileText               0000000180078a20     raylib:utils.obj
 0003:00005a28       saveFileText               0000000180078a28     raylib:utils.obj
 0003:00007bc0       RLGL                       000000018007abc0     raylib:rcore.obj
 0003:00008660       CORE                       000000018007b660     raylib:rcore.obj
 0003:00008f18       screenshotCounter          000000018007bf18     raylib:rcore.obj
 0003:00008f1c       gifFrameCounter            000000018007bf1c     raylib:rcore.obj
 0003:00008f20       gifRecording               000000018007bf20     raylib:rcore.obj
 0003:00008f30       gifState                   000000018007bf30     raylib:rcore.obj
 0003:00008fb0       ?index@?1??GetFPS@@9@9     000000018007bfb0     raylib:rcore.obj
 0003:00008fb4       ?average@?1??GetFPS@@9@9   000000018007bfb4     raylib:rcore.obj
 0003:00008fb8       ?last@?1??GetFPS@@9@9      000000018007bfb8     raylib:rcore.obj
 0003:00008fc0       ?history@?1??GetFPS@@9@9   000000018007bfc0     raylib:rcore.obj
 0003:00009040       ?fileName@?1??GetFileNameWithoutExt@@9@9 000000018007c040     raylib:rcore.obj
 0003:00009140       ?dirPath@?1??GetDirectoryPath@@9@9 000000018007c140     raylib:rcore.obj
 0003:0000a140       ?prevDirPath@?1??GetPrevDirectoryPath@@9@9 000000018007d140     raylib:rcore.obj
 0003:0000b140       ?currentDir@?1??GetWorkingDirectory@@9@9 000000018007e140     raylib:rcore.obj
 0003:0000c140       ?appDir@?1??GetApplicationDirectory@@9@9 000000018007f140     raylib:rcore.obj
 0003:0000d140       ?path@?1??ScanDirectoryFiles@@9@9 0000000180080140     raylib:rcore.obj
 0003:0000e140       stbi__vertically_flip_on_load_global 0000000180081140     raylib:rtextures.obj
 0003:0000e144       stbi__unpremultiply_on_load_global 0000000180081144     raylib:rtextures.obj
 0003:0000e148       stbi__de_iphone_flag_global 0000000180081148     raylib:rtextures.obj
 0003:0000e14c       stbi__flip_vertically_on_write 000000018008114c     raylib:rtextures.obj
 0003:0000e150       defaultFont                0000000180081150     raylib:rtext.obj
 0003:0000e180       ?buffers@?1??TextFormat@@9@9 0000000180081180     raylib:rtext.obj
 0003:0000f180       ?index@?1??TextFormat@@9@9 0000000180082180     raylib:rtext.obj
 0003:0000f184       ?utf8@?1??CodepointToUTF8@@9@9 0000000180082184     raylib:rtext.obj
 0003:0000f190       ?buffer@?1??TextSubtext@@9@9 0000000180082190     raylib:rtext.obj
 0003:0000f590       ?buffer@?1??TextJoin@@9@9  0000000180082590     raylib:rtext.obj
 0003:0000f990       ?result@?1??TextSplit@@9@9 0000000180082990     raylib:rtext.obj
 0003:0000fd90       ?buffer@?1??TextSplit@@9@9 0000000180082d90     raylib:rtext.obj
 0003:00010190       ?buffer@?1??TextToUpper@@9@9 0000000180083190     raylib:rtext.obj
 0003:00010590       ?buffer@?1??TextToLower@@9@9 0000000180083590     raylib:rtext.obj
 0003:00010990       ?buffer@?1??TextToPascal@@9@9 0000000180083990     raylib:rtext.obj
 0003:00013868       _glfwErrorCallback         0000000180086868     raylib:rglfw.obj
 0003:00013870       _glfwMainThreadError       0000000180086870     raylib:rglfw.obj
 0003:00013c80       _glfwInitAllocator         0000000180086c80     raylib:rglfw.obj
 0003:00013ca0       ?__proc_attached@@3HA      0000000180086ca0     msvcrt:dll_dllmain.obj
 0003:00013cb0       GS_ExceptionRecord         0000000180086cb0     msvcrt:gs_report.obj
 0003:00013d50       GS_ContextRecord           0000000180086d50     msvcrt:gs_report.obj
 0003:00014250       ?is_initialized_as_dll@@3_NA 0000000180087250     msvcrt:utility.obj
 0003:00014251       ?module_local_atexit_table_initialized@@3_NA 0000000180087251     msvcrt:utility.obj
 0003:00014258       ?module_local_atexit_table@@3U_onexit_table_t@@A 0000000180087258     msvcrt:utility.obj
 0003:00014270       ?module_local_at_quick_exit_table@@3U_onexit_table_t@@A 0000000180087270     msvcrt:utility.obj
